<html>
<body>
<pre>
<h1>µVision Build Log</h1>
<h2>Tool Versions:</h2>
IDE-Version: ¦ÌVision V5.24.2.0
Copyright (C) 2017 ARM Ltd and ARM Germany GmbH. All rights reserved.
License Information: A AD, A, LIC=21E4T-RT19A-II15V-PHUYH-QP61H-TRZ8U
 
Tool Versions:
Toolchain:       MDK-ARM Plus  Version: 5.24.1
Toolchain Path:  D:\keil\ARM\ARMCC\Bin
C Compiler:      Armcc.exe V5.06 update 5 (build 528)
Assembler:       Armasm.exe V5.06 update 5 (build 528)
Linker/Locator:  ArmLink.exe V5.06 update 5 (build 528)
Library Manager: ArmAr.exe V5.06 update 5 (build 528)
Hex Converter:   FromElf.exe V5.06 update 5 (build 528)
CPU DLL:         SARMCM3.DLL V5.24.1
Dialog DLL:      DCM.DLL V1.16.0.0
Target DLL:      Segger\JL2CM3.dll V2.99.26.0
Dialog DLL:      TCM.DLL V1.32.0.0
 
<h2>Project:</h2>
E:\baoznag\baoznag\keyan\ble_app_mpu9250 216 origin\project\mdk5\ble_app_uarts.uvprojx
Project File Date:  09/22/2025

<h2>Output:</h2>
*** Using Compiler 'V5.06 update 5 (build 528)', folder: 'D:\keil\ARM\ARMCC\Bin'
Build target 'IK-52832DK'
compiling main.c...
..\..\app\main.c(543): warning:  #550-D: variable "err_code"  was set but never used
    uint32_t err_code;
..\..\app\main.c(545): warning:  #177-D: variable "len"  was declared but never referenced
  	uint16_t len = 27;
..\..\app\main.c(94): warning:  #177-D: variable "m_timer_id"  was declared but never referenced
  APP_TIMER_DEF(m_timer_id);
..\..\app\main.c: 3 warnings, 0 errors
linking...
Program Size: Code=33248 RO-data=3772 RW-data=344 ZI-data=13232  
FromELF: creating hex file...
".\Objects\nrf52832_qfaa.axf" - 0 Error(s), 3 Warning(s).

<h2>Software Packages used:</h2>

Package Vendor: ARM
                http://www.keil.com/pack/ARM.CMSIS.4.5.0.pack
                ARM.CMSIS.4.5.0
                CMSIS (Cortex Microcontroller Software Interface Standard)
   * Component: CORE Version: 4.3.0

Package Vendor: NordicSemiconductor
                http://developer.nordicsemi.com/nRF5_SDK/pieces/nRF_DeviceFamilyPack/NordicSemiconductor.nRF_DeviceFamilyPack.8.27.1.pack
                NordicSemiconductor.nRF_DeviceFamilyPack.8.27.1
                Nordic Semiconductor nRF ARM devices Device Family Pack with BSD license.
   * Component: Startup Version: 8.27.1

<h2>Collection of Component include folders:</h2>
  .\RTE\_IK-52832DK
  D:\keil\ARM\PACK\ARM\CMSIS\4.5.0\CMSIS\Include
  D:\keil\ARM\PACK\NordicSemiconductor\nRF_DeviceFamilyPack\8.27.1\Device\Include

<h2>Collection of Component Files used:</h2>

   * Component: NordicSemiconductor::Device:Startup:8.27.1
      Source file:   Device\Source\system_nrf52.c
      Include file:  Device\Include\system_nrf52.h
      Include file:  Device\Include\system_nrf.h
      Source file:   Device\Source\arm\arm_startup_nrf52.s

   * Component: ARM::CMSIS:CORE:4.3.0
Build Time Elapsed:  00:00:02
</pre>
</body>
</html>
