Component: ARM Compiler 5.06 update 5 (build 528) Tool: armlink [4d35e2]

==============================================================================

Section Cross References

    main.o(i.advertising_init) refers to memseta.o(.text) for __aeabi_memclr4
    main.o(i.advertising_init) refers to ble_advertising.o(i.ble_advertising_init) for ble_advertising_init
    main.o(i.advertising_init) refers to app_error.o(i.app_error_handler_bare) for app_error_handler_bare
    main.o(i.advertising_init) refers to ble_advertising.o(i.ble_advertising_conn_cfg_tag_set) for ble_advertising_conn_cfg_tag_set
    main.o(i.advertising_init) refers to main.o(.data) for m_adv_uuids
    main.o(i.advertising_init) refers to main.o(i.on_adv_evt) for on_adv_evt
    main.o(i.advertising_init) refers to main.o(.bss) for m_advertising
    main.o(i.advertising_start) refers to ble_advertising.o(i.ble_advertising_start) for ble_advertising_start
    main.o(i.advertising_start) refers to app_error.o(i.app_error_handler_bare) for app_error_handler_bare
    main.o(i.advertising_start) refers to main.o(.bss) for m_advertising
    main.o(i.application_timers_start) refers to app_timer2.o(i.app_timer_start) for app_timer_start
    main.o(i.application_timers_start) refers to app_error.o(i.app_error_handler_bare) for app_error_handler_bare
    main.o(i.application_timers_start) refers to main.o(.constdata) for mpu9250_timer_id
    main.o(i.ble_evt_handler) refers to nrf_log_frontend.o(i.nrf_log_frontend_std_0) for nrf_log_frontend_std_0
    main.o(i.ble_evt_handler) refers to bsp.o(i.bsp_indication_set) for bsp_indication_set
    main.o(i.ble_evt_handler) refers to app_error.o(i.app_error_handler_bare) for app_error_handler_bare
    main.o(i.ble_evt_handler) refers to nrf_ble_qwr.o(i.nrf_ble_qwr_conn_handle_assign) for nrf_ble_qwr_conn_handle_assign
    main.o(i.ble_evt_handler) refers to main.o(.data) for m_conn_handle
    main.o(i.ble_evt_handler) refers to nrf_log_frontend.o(log_const_data) for m_nrf_log_app_logs_data_const
    main.o(i.ble_evt_handler) refers to main.o(.bss) for m_qwr
    main.o(i.ble_stack_init) refers to nrf_sdh.o(i.nrf_sdh_enable_request) for nrf_sdh_enable_request
    main.o(i.ble_stack_init) refers to app_error.o(i.app_error_handler_bare) for app_error_handler_bare
    main.o(i.ble_stack_init) refers to nrf_sdh_ble.o(i.nrf_sdh_ble_default_cfg_set) for nrf_sdh_ble_default_cfg_set
    main.o(i.ble_stack_init) refers to nrf_sdh_ble.o(i.nrf_sdh_ble_enable) for nrf_sdh_ble_enable
    main.o(i.conn_params_error_handler) refers to app_error.o(i.app_error_handler_bare) for app_error_handler_bare
    main.o(i.conn_params_init) refers to memseta.o(.text) for __aeabi_memclr4
    main.o(i.conn_params_init) refers to ble_conn_params.o(i.ble_conn_params_init) for ble_conn_params_init
    main.o(i.conn_params_init) refers to app_error.o(i.app_error_handler_bare) for app_error_handler_bare
    main.o(i.conn_params_init) refers to main.o(i.on_conn_params_evt) for on_conn_params_evt
    main.o(i.conn_params_init) refers to main.o(i.conn_params_error_handler) for conn_params_error_handler
    main.o(i.gap_params_init) refers to app_error.o(i.app_error_handler_bare) for app_error_handler_bare
    main.o(i.gatt_evt_handler) refers to nrf_log_frontend.o(i.nrf_log_frontend_std_2) for nrf_log_frontend_std_2
    main.o(i.gatt_evt_handler) refers to main.o(.data) for m_conn_handle
    main.o(i.gatt_evt_handler) refers to nrf_log_frontend.o(log_const_data) for m_nrf_log_app_logs_data_const
    main.o(i.gatt_init) refers to nrf_ble_gatt.o(i.nrf_ble_gatt_init) for nrf_ble_gatt_init
    main.o(i.gatt_init) refers to app_error.o(i.app_error_handler_bare) for app_error_handler_bare
    main.o(i.gatt_init) refers to nrf_ble_gatt.o(i.nrf_ble_gatt_att_mtu_periph_set) for nrf_ble_gatt_att_mtu_periph_set
    main.o(i.gatt_init) refers to main.o(i.gatt_evt_handler) for gatt_evt_handler
    main.o(i.gatt_init) refers to main.o(.bss) for m_gatt
    main.o(i.idle_state_handle) refers to nrf_log_frontend.o(i.nrf_log_frontend_dequeue) for nrf_log_frontend_dequeue
    main.o(i.idle_state_handle) refers to nrf_pwr_mgmt.o(i.nrf_pwr_mgmt_run) for nrf_pwr_mgmt_run
    main.o(i.leds_init) refers to bsp.o(i.bsp_init) for bsp_init
    main.o(i.leds_init) refers to app_error.o(i.app_error_handler_bare) for app_error_handler_bare
    main.o(i.log_init) refers to nrf_log_frontend.o(i.nrf_log_init) for nrf_log_init
    main.o(i.log_init) refers to app_error.o(i.app_error_handler_bare) for app_error_handler_bare
    main.o(i.log_init) refers to nrf_log_default_backends.o(i.nrf_log_default_backends_init) for nrf_log_default_backends_init
    main.o(i.log_init) refers to nrf_log_frontend.o(i.nrf_log_frontend_std_0) for nrf_log_frontend_std_0
    main.o(i.log_init) refers to nrf_log_frontend.o(log_const_data) for m_nrf_log_app_logs_data_const
    main.o(i.main) refers to ble_link_ctx_manager.o(i.blcm_link_ctx_get) for blcm_link_ctx_get
[...]
    __aeabi_memset                           0x00026491   Thumb Code    14  memseta.o(.text)
    __aeabi_memset4                          0x00026491   Thumb Code     0  memseta.o(.text)
    __aeabi_memset8                          0x00026491   Thumb Code     0  memseta.o(.text)
    __aeabi_memclr                           0x0002649f   Thumb Code     4  memseta.o(.text)
    __aeabi_memclr4                          0x0002649f   Thumb Code     0  memseta.o(.text)
    __aeabi_memclr8                          0x0002649f   Thumb Code     0  memseta.o(.text)
    _memset$wrapper                          0x000264a3   Thumb Code    18  memseta.o(.text)
    strlen                                   0x000264b5   Thumb Code    14  strlen.o(.text)
    strcpy                                   0x000264c3   Thumb Code    18  strcpy.o(.text)
    __aeabi_llsr                             0x000264d5   Thumb Code    32  llushr.o(.text)
    _ll_ushift_r                             0x000264d5   Thumb Code     0  llushr.o(.text)
    __scatterload                            0x000264f5   Thumb Code    28  init.o(.text)
    __scatterload_rt2                        0x000264f5   Thumb Code     0  init.o(.text)
    __decompress                             0x00026519   Thumb Code     0  __dczerorl2.o(.text)
    __decompress1                            0x00026519   Thumb Code    86  __dczerorl2.o(.text)
    AK8963_register_read                     0x00026571   Thumb Code    90  mpu9250.o(i.AK8963_register_read)
    AK8963_register_write                    0x000265d5   Thumb Code    56  mpu9250.o(i.AK8963_register_write)
    GPIOTE_IRQHandler                        0x00026615   Thumb Code   528  nrfx_gpiote.o(i.GPIOTE_IRQHandler)
    MPU9250_ReadAcc                          0x00026831   Thumb Code    90  mpu9250.o(i.MPU9250_ReadAcc)
    MPU9250_ReadGyro                         0x0002688b   Thumb Code    80  mpu9250.o(i.MPU9250_ReadGyro)
    MPU9250_ReadMag                          0x000268db   Thumb Code   166  mpu9250.o(i.MPU9250_ReadMag)
    POWER_CLOCK_IRQHandler                   0x000269c1   Thumb Code    80  nrfx_clock.o(i.POWER_CLOCK_IRQHandler)
    RTC1_IRQHandler                          0x00026a15   Thumb Code    14  drv_rtc.o(i.RTC1_IRQHandler)
    SEGGER_RTT_Init                          0x00026a2d   Thumb Code     8  segger_rtt.o(i.SEGGER_RTT_Init)
    SEGGER_RTT_WriteNoLock                   0x00026a35   Thumb Code   126  segger_rtt.o(i.SEGGER_RTT_WriteNoLock)
    SPIM0_SPIS0_TWIM0_TWIS0_SPI0_TWI0_IRQHandler 0x00026ab9   Thumb Code    12  nrfx_twim.o(i.SPIM0_SPIS0_TWIM0_TWIS0_SPI0_TWI0_IRQHandler)
    SWI2_EGU2_IRQHandler                     0x00026acd   Thumb Code     8  nrf_sdh.o(i.SWI2_EGU2_IRQHandler)
    SystemCoreClockUpdate                    0x00026ad5   Thumb Code     8  system_nrf52.o(i.SystemCoreClockUpdate)
    SystemInit                               0x00026ae5   Thumb Code   608  system_nrf52.o(i.SystemInit)
    UARTE0_UART0_IRQHandler                  0x00026d85   Thumb Code    10  nrfx_prs.o(i.UARTE0_UART0_IRQHandler)
    __scatterload_copy                       0x00026edf   Thumb Code    14  handlers.o(i.__scatterload_copy)
    __scatterload_null                       0x00026eed   Thumb Code     2  handlers.o(i.__scatterload_null)
    __scatterload_zeroinit                   0x00026eef   Thumb Code    14  handlers.o(i.__scatterload_zeroinit)
    app_button_enable                        0x00027075   Thumb Code    34  app_button.o(i.app_button_enable)
    app_button_init                          0x000270a1   Thumb Code   140  app_button.o(i.app_button_init)
    app_error_fault_handler                  0x00027151   Thumb Code   144  app_error_weak.o(i.app_error_fault_handler)
    app_error_handler_bare                   0x0002720d   Thumb Code    28  app_error.o(i.app_error_handler_bare)
    app_fifo_get                             0x00027229   Thumb Code    30  app_fifo.o(i.app_fifo_get)
    app_fifo_put                             0x00027247   Thumb Code    34  app_fifo.o(i.app_fifo_put)
    app_timer_cnt_get                        0x00027269   Thumb Code    10  app_timer2.o(i.app_timer_cnt_get)
    app_timer_create                         0x00027279   Thumb Code    32  app_timer2.o(i.app_timer_create)
    app_timer_init                           0x00027299   Thumb Code    78  app_timer2.o(i.app_timer_init)
    app_timer_start                          0x00027305   Thumb Code    54  app_timer2.o(i.app_timer_start)
    app_timer_stop                           0x0002733b   Thumb Code    20  app_timer2.o(i.app_timer_stop)
    app_uart_put                             0x00027351   Thumb Code    90  app_uart_fifo.o(i.app_uart_put)
    app_util_critical_region_enter           0x000273bd   Thumb Code    12  app_util_platform.o(i.app_util_critical_region_enter)
    app_util_critical_region_exit            0x000273c9   Thumb Code    62  app_util_platform.o(i.app_util_critical_region_exit)
    blcm_link_ctx_get                        0x000274c9   Thumb Code   108  ble_link_ctx_manager.o(i.blcm_link_ctx_get)
    ble_advdata_encode                       0x00027535   Thumb Code   364  ble_advdata.o(i.ble_advdata_encode)
    ble_advdata_parse                        0x000276a1   Thumb Code    40  ble_advdata.o(i.ble_advdata_parse)
    ble_advdata_search                       0x000276c9   Thumb Code    78  ble_advdata.o(i.ble_advdata_search)
    ble_advertising_conn_cfg_tag_set         0x00027717   Thumb Code     6  ble_advertising.o(i.ble_advertising_conn_cfg_tag_set)
    ble_advertising_init                     0x0002771d   Thumb Code   264  ble_advertising.o(i.ble_advertising_init)
    ble_advertising_on_ble_evt               0x00027825   Thumb Code    60  ble_advertising.o(i.ble_advertising_on_ble_evt)
    ble_advertising_start                    0x00027861   Thumb Code   372  ble_advertising.o(i.ble_advertising_start)
    ble_conn_params_init                     0x000279d5   Thumb Code   136  ble_conn_params.o(i.ble_conn_params_init)
    ble_conn_state_conn_idx                  0x00027a71   Thumb Code    20  ble_conn_state.o(i.ble_conn_state_conn_idx)
    ble_conn_state_valid                     0x00027a85   Thumb Code    22  ble_conn_state.o(i.ble_conn_state_valid)
    ble_srv_is_notification_enabled          0x00027d81   Thumb Code    18  ble_srv_common.o(i.ble_srv_is_notification_enabled)
    ble_uarts_data_send                      0x00027de9   Thumb Code   122  my_ble_uarts.o(i.ble_uarts_data_send)
    ble_uarts_init                           0x00027e65   Thumb Code   262  my_ble_uarts.o(i.ble_uarts_init)
    ble_uarts_on_ble_evt                     0x00027f71   Thumb Code    68  my_ble_uarts.o(i.ble_uarts_on_ble_evt)
    bsp_board_init                           0x00027fe1   Thumb Code    26  boards.o(i.bsp_board_init)
    bsp_board_led_invert                     0x00027ffd   Thumb Code    44  boards.o(i.bsp_board_led_invert)
    bsp_board_led_off                        0x0002802d   Thumb Code    16  boards.o(i.bsp_board_led_off)
    bsp_board_led_on                         0x00028041   Thumb Code    16  boards.o(i.bsp_board_led_on)
    bsp_board_led_state_get                  0x00028055   Thumb Code    44  boards.o(i.bsp_board_led_state_get)
    bsp_board_leds_off                       0x000280b5   Thumb Code    20  boards.o(i.bsp_board_leds_off)
    bsp_board_leds_on                        0x000280c9   Thumb Code    20  boards.o(i.bsp_board_leds_on)
    bsp_board_pin_to_button_idx              0x000280dd   Thumb Code    32  boards.o(i.bsp_board_pin_to_button_idx)
    bsp_event_to_button_action_assign        0x000281c5   Thumb Code    86  bsp.o(i.bsp_event_to_button_action_assign)
    bsp_indication_set                       0x00028221   Thumb Code    28  bsp.o(i.bsp_indication_set)
    bsp_init                                 0x00028241   Thumb Code   136  bsp.o(i.bsp_init)
    buffer_is_empty                          0x00028785   Thumb Code    20  nrf_log_frontend.o(i.buffer_is_empty)
    characteristic_add                       0x00028895   Thumb Code   456  ble_srv_common.o(i.characteristic_add)
    conn_handle_list_get                     0x00028b03   Thumb Code    60  ble_conn_state.o(i.conn_handle_list_get)
    drv_rtc_compare_disable                  0x00028e21   Thumb Code    22  drv_rtc.o(i.drv_rtc_compare_disable)
    drv_rtc_compare_pending                  0x00028e37   Thumb Code    26  drv_rtc.o(i.drv_rtc_compare_pending)
    drv_rtc_compare_set                      0x00028e51   Thumb Code    92  drv_rtc.o(i.drv_rtc_compare_set)
    drv_rtc_counter_get                      0x00028ead   Thumb Code    12  drv_rtc.o(i.drv_rtc_counter_get)
    drv_rtc_init                             0x00028eb9   Thumb Code   204  drv_rtc.o(i.drv_rtc_init)
    drv_rtc_irq_trigger                      0x00028fd5   Thumb Code    28  drv_rtc.o(i.drv_rtc_irq_trigger)
    drv_rtc_overflow_enable                  0x00028ff5   Thumb Code    18  drv_rtc.o(i.drv_rtc_overflow_enable)
    drv_rtc_overflow_pending                 0x00029007   Thumb Code    16  drv_rtc.o(i.drv_rtc_overflow_pending)
    drv_rtc_start                            0x00029017   Thumb Code    14  drv_rtc.o(i.drv_rtc_start)
    drv_rtc_stop                             0x00029025   Thumb Code    14  drv_rtc.o(i.drv_rtc_stop)
    drv_rtc_windowed_compare_set             0x00029033   Thumb Code   260  drv_rtc.o(i.drv_rtc_windowed_compare_set)
    evt_handle                               0x00029421   Thumb Code   234  app_button.o(i.evt_handle)
    gatt_evt_handler                         0x00029671   Thumb Code    62  main.o(i.gatt_evt_handler)
    main                                     0x00029b1d   Thumb Code   346  main.o(i.main)
    mpu9250_init                             0x00029e8d   Thumb Code    96  mpu9250.o(i.mpu9250_init)
    mpu9250_register_read                    0x00029eed   Thumb Code    90  mpu9250.o(i.mpu9250_register_read)
    mpu9250_register_write                   0x00029f51   Thumb Code    56  mpu9250.o(i.mpu9250_register_write)
    mpu9250_verify_product_id                0x0002a105   Thumb Code    34  mpu9250.o(i.mpu9250_verify_product_id)
    nrf_atfifo_init                          0x0002a1ef   Thumb Code    40  nrf_atfifo.o(i.nrf_atfifo_init)
    nrf_atfifo_item_alloc                    0x0002a217   Thumb Code    28  nrf_atfifo.o(i.nrf_atfifo_item_alloc)
    nrf_atfifo_item_free                     0x0002a233   Thumb Code    28  nrf_atfifo.o(i.nrf_atfifo_item_free)
    nrf_atfifo_item_get                      0x0002a24f   Thumb Code    28  nrf_atfifo.o(i.nrf_atfifo_item_get)
    nrf_atfifo_item_put                      0x0002a26b   Thumb Code    28  nrf_atfifo.o(i.nrf_atfifo_item_put)
    nrf_atflags_clear                        0x0002a287   Thumb Code    30  nrf_atflags.o(i.nrf_atflags_clear)
    nrf_atflags_get                          0x0002a2a5   Thumb Code    30  nrf_atflags.o(i.nrf_atflags_get)
    nrf_atflags_set                          0x0002a2c3   Thumb Code    30  nrf_atflags.o(i.nrf_atflags_set)
    nrf_atomic_flag_clear_fetch              0x0002a2e1   Thumb Code    14  nrf_atomic.o(i.nrf_atomic_flag_clear_fetch)
    nrf_atomic_flag_set                      0x0002a2ef   Thumb Code    14  nrf_atomic.o(i.nrf_atomic_flag_set)
    nrf_atomic_u32_add                       0x0002a2fd   Thumb Code    22  nrf_atomic.o(i.nrf_atomic_u32_add)
    nrf_atomic_u32_and                       0x0002a313   Thumb Code    22  nrf_atomic.o(i.nrf_atomic_u32_and)
    nrf_atomic_u32_fetch_and                 0x0002a329   Thumb Code    22  nrf_atomic.o(i.nrf_atomic_u32_fetch_and)
    nrf_atomic_u32_fetch_store               0x0002a33f   Thumb Code    22  nrf_atomic.o(i.nrf_atomic_u32_fetch_store)
    nrf_atomic_u32_or                        0x0002a355   Thumb Code    22  nrf_atomic.o(i.nrf_atomic_u32_or)
    nrf_atomic_u32_sub                       0x0002a36b   Thumb Code    22  nrf_atomic.o(i.nrf_atomic_u32_sub)
    nrf_balloc_alloc                         0x0002a381   Thumb Code    82  nrf_balloc.o(i.nrf_balloc_alloc)
    nrf_balloc_free                          0x0002a3e3   Thumb Code    48  nrf_balloc.o(i.nrf_balloc_free)
    nrf_balloc_init                          0x0002a41f   Thumb Code    60  nrf_balloc.o(i.nrf_balloc_init)
    nrf_ble_gatt_att_mtu_periph_set          0x0002a487   Thumb Code    30  nrf_ble_gatt.o(i.nrf_ble_gatt_att_mtu_periph_set)
    nrf_ble_gatt_init                        0x0002a4a5   Thumb Code    52  nrf_ble_gatt.o(i.nrf_ble_gatt_init)
    nrf_ble_gatt_on_ble_evt                  0x0002a4d9   Thumb Code   202  nrf_ble_gatt.o(i.nrf_ble_gatt_on_ble_evt)
    nrf_ble_qwr_conn_handle_assign           0x0002a5e1   Thumb Code    32  nrf_ble_qwr.o(i.nrf_ble_qwr_conn_handle_assign)
    nrf_ble_qwr_init                         0x0002a601   Thumb Code    50  nrf_ble_qwr.o(i.nrf_ble_qwr_init)
    nrf_ble_qwr_on_ble_evt                   0x0002a633   Thumb Code   124  nrf_ble_qwr.o(i.nrf_ble_qwr_on_ble_evt)
    nrf_drv_clock_init                       0x0002a719   Thumb Code    54  nrf_drv_clock.o(i.nrf_drv_clock_init)
    nrf_drv_clock_lfclk_release              0x0002a759   Thumb Code    42  nrf_drv_clock.o(i.nrf_drv_clock_lfclk_release)
    nrf_drv_twi_init                         0x0002a789   Thumb Code    68  nrf_drv_twi.o(i.nrf_drv_twi_init)
    nrf_fprintf                              0x0002a86d   Thumb Code    42  nrf_fprintf.o(i.nrf_fprintf)
    nrf_fprintf_buffer_flush                 0x0002a897   Thumb Code    28  nrf_fprintf.o(i.nrf_fprintf_buffer_flush)
    nrf_fprintf_fmt                          0x0002a8b3   Thumb Code   496  nrf_fprintf_format.o(i.nrf_fprintf_fmt)
    nrf_log_backend_add                      0x0002ac61   Thumb Code    78  nrf_log_frontend.o(i.nrf_log_backend_add)
    nrf_log_backend_rtt_init                 0x0002acb7   Thumb Code     8  nrf_log_backend_rtt.o(i.nrf_log_backend_rtt_init)
    nrf_log_backend_serial_put               0x0002ace1   Thumb Code   242  nrf_log_backend_serial.o(i.nrf_log_backend_serial_put)
    nrf_log_color_id_get                     0x0002add5   Thumb Code    52  nrf_log_frontend.o(i.nrf_log_color_id_get)
    nrf_log_default_backends_init            0x0002ae0d   Thumb Code    34  nrf_log_default_backends.o(i.nrf_log_default_backends_init)
    nrf_log_frontend_dequeue                 0x0002ae35   Thumb Code   756  nrf_log_frontend.o(i.nrf_log_frontend_dequeue)
    nrf_log_frontend_std_0                   0x0002b14d   Thumb Code    20  nrf_log_frontend.o(i.nrf_log_frontend_std_0)
    nrf_log_frontend_std_1                   0x0002b161   Thumb Code    24  nrf_log_frontend.o(i.nrf_log_frontend_std_1)
    nrf_log_frontend_std_2                   0x0002b179   Thumb Code    32  nrf_log_frontend.o(i.nrf_log_frontend_std_2)
    nrf_log_hexdump_entry_process            0x0002b199   Thumb Code   164  nrf_log_str_formatter.o(i.nrf_log_hexdump_entry_process)
    nrf_log_init                             0x0002b255   Thumb Code    68  nrf_log_frontend.o(i.nrf_log_init)
    nrf_log_module_cnt_get                   0x0002b2ad   Thumb Code    10  nrf_log_frontend.o(i.nrf_log_module_cnt_get)
    nrf_log_module_name_get                  0x0002b2c1   Thumb Code    30  nrf_log_frontend.o(i.nrf_log_module_name_get)
    nrf_log_panic                            0x0002b2e5   Thumb Code    50  nrf_log_frontend.o(i.nrf_log_panic)
    nrf_log_std_entry_process                0x0002b31d   Thumb Code   200  nrf_log_str_formatter.o(i.nrf_log_std_entry_process)
    nrf_memobj_alloc                         0x0002b3e5   Thumb Code   122  nrf_memobj.o(i.nrf_memobj_alloc)
    nrf_memobj_free                          0x0002b45f   Thumb Code    64  nrf_memobj.o(i.nrf_memobj_free)
    nrf_memobj_get                           0x0002b49f   Thumb Code    16  nrf_memobj.o(i.nrf_memobj_get)
    nrf_memobj_pool_init                     0x0002b4af   Thumb Code    12  nrf_memobj.o(i.nrf_memobj_pool_init)
    nrf_memobj_put                           0x0002b4bb   Thumb Code    30  nrf_memobj.o(i.nrf_memobj_put)
    nrf_memobj_read                          0x0002b4d9   Thumb Code    34  nrf_memobj.o(i.nrf_memobj_read)
    nrf_memobj_write                         0x0002b4fb   Thumb Code    34  nrf_memobj.o(i.nrf_memobj_write)
    nrf_pwr_mgmt_init                        0x0002b51d   Thumb Code    46  nrf_pwr_mgmt.o(i.nrf_pwr_mgmt_init)
    nrf_pwr_mgmt_run                         0x0002b55d   Thumb Code   100  nrf_pwr_mgmt.o(i.nrf_pwr_mgmt_run)
    nrf_ringbuf_init                         0x0002b5d5   Thumb Code    28  nrf_ringbuf.o(i.nrf_ringbuf_init)
    nrf_sdh_ble_app_ram_start_get            0x0002b631   Thumb Code    18  nrf_sdh_ble.o(i.nrf_sdh_ble_app_ram_start_get)
    nrf_sdh_ble_default_cfg_set              0x0002b649   Thumb Code   382  nrf_sdh_ble.o(i.nrf_sdh_ble_default_cfg_set)
    nrf_sdh_ble_enable                       0x0002b7e9   Thumb Code   144  nrf_sdh_ble.o(i.nrf_sdh_ble_enable)
    nrf_sdh_enable_request                   0x0002b9a9   Thumb Code   112  nrf_sdh.o(i.nrf_sdh_enable_request)
    nrf_sdh_evts_poll                        0x0002ba2d   Thumb Code    44  nrf_sdh.o(i.nrf_sdh_evts_poll)
    nrf_sdh_is_enabled                       0x0002ba5d   Thumb Code     6  nrf_sdh.o(i.nrf_sdh_is_enabled)
    nrf_section_iter_init                    0x0002bac3   Thumb Code    20  nrf_section_iter.o(i.nrf_section_iter_init)
    nrf_section_iter_next                    0x0002bb05   Thumb Code    46  nrf_section_iter.o(i.nrf_section_iter_next)
    nrf_sortlist_add                         0x0002bb33   Thumb Code    40  nrf_sortlist.o(i.nrf_sortlist_add)
    nrf_sortlist_peek                        0x0002bb5b   Thumb Code     8  nrf_sortlist.o(i.nrf_sortlist_peek)
    nrf_sortlist_pop                         0x0002bb63   Thumb Code    24  nrf_sortlist.o(i.nrf_sortlist_pop)
    nrf_sortlist_remove                      0x0002bb7b   Thumb Code    38  nrf_sortlist.o(i.nrf_sortlist_remove)
    nrf_strerror_find                        0x0002bba1   Thumb Code    60  nrf_strerror.o(i.nrf_strerror_find)
    nrf_strerror_get                         0x0002bbe1   Thumb Code    22  nrf_strerror.o(i.nrf_strerror_get)
    nrfx_clock_enable                        0x0002bcb5   Thumb Code    16  nrfx_clock.o(i.nrfx_clock_enable)
    nrfx_clock_init                          0x0002bcc9   Thumb Code    30  nrfx_clock.o(i.nrfx_clock_init)
    nrfx_clock_lfclk_stop                    0x0002bced   Thumb Code    26  nrfx_clock.o(i.nrfx_clock_lfclk_stop)
    nrfx_gpiote_in_event_enable              0x0002bd4d   Thumb Code   164  nrfx_gpiote.o(i.nrfx_gpiote_in_event_enable)
    nrfx_gpiote_in_init                      0x0002bdf9   Thumb Code   232  nrfx_gpiote.o(i.nrfx_gpiote_in_init)
    nrfx_gpiote_in_is_set                    0x0002beed   Thumb Code    20  nrfx_gpiote.o(i.nrfx_gpiote_in_is_set)
    nrfx_gpiote_init                         0x0002bf01   Thumb Code   160  nrfx_gpiote.o(i.nrfx_gpiote_init)
    nrfx_gpiote_is_init                      0x0002bfad   Thumb Code    16  nrfx_gpiote.o(i.nrfx_gpiote_is_init)
    nrfx_prs_acquire                         0x0002c08d   Thumb Code    78  nrfx_prs.o(i.nrfx_prs_acquire)
    nrfx_twim_enable                         0x0002c0dd   Thumb Code    34  nrfx_twim.o(i.nrfx_twim_enable)
    nrfx_twim_init                           0x0002c105   Thumb Code   268  nrfx_twim.o(i.nrfx_twim_init)
    nrfx_twim_rx                             0x0002c221   Thumb Code    44  nrfx_twim.o(i.nrfx_twim_rx)
    nrfx_twim_tx                             0x0002c251   Thumb Code    62  nrfx_twim.o(i.nrfx_twim_tx)
    nrfx_twim_xfer                           0x0002c291   Thumb Code    48  nrfx_twim.o(i.nrfx_twim_xfer)
    nrfx_uart_tx                             0x0002c2c5   Thumb Code   134  nrfx_uart.o(i.nrfx_uart_tx)
    nrfx_uart_tx_in_progress                 0x0002c351   Thumb Code    30  nrfx_uart.o(i.nrfx_uart_tx_in_progress)
    nrfx_uarte_tx                            0x0002c375   Thumb Code   188  nrfx_uarte.o(i.nrfx_uarte_tx)
    nrfx_uarte_tx_in_progress                0x0002c435   Thumb Code    26  nrfx_uarte.o(i.nrfx_uarte_tx_in_progress)
    twi_handler                              0x0002d9ed   Thumb Code    18  mpu9250.o(i.twi_handler)
    twi_master_init                          0x0002da05   Thumb Code    54  mpu9250.o(i.twi_master_init)
    nrf_log_backend_rtt_api                  0x0002e6c0   Data          12  nrf_log_backend_rtt.o(.constdata)
    m_ram_start                              0x0002e768   Data           4  nrf_sdh_ble.o(.constdata)
    __ctype_table                            0x0002e788   Data         129  ctype_o.o(.constdata)
    Region$$Table$$Base                      0x0002ef80   Number         0  anon$$obj.o(Region$$Table)
    Region$$Table$$Limit                     0x0002efa0   Number         0  anon$$obj.o(Region$$Table)
    log_const_data$$Base                     0x0002efb0   Number         0  nrf_ble_gatt.o(log_const_data)
    m_nrf_log_nrf_ble_gatt_logs_data_const   0x0002efb0   Data           8  nrf_ble_gatt.o(log_const_data)
    m_nrf_log_clock_logs_data_const          0x0002efb8   Data           8  nrf_drv_clock.o(log_const_data)
    m_nrf_log_CLOCK_logs_data_const          0x0002efc0   Data           8  nrfx_clock.o(log_const_data)
    m_nrf_log_GPIOTE_logs_data_const         0x0002efc8   Data           8  nrfx_gpiote.o(log_const_data)
    m_nrf_log_PRS_logs_data_const            0x0002efd0   Data           8  nrfx_prs.o(log_const_data)
    m_nrf_log_UART_logs_data_const           0x0002efd8   Data           8  nrfx_uart.o(log_const_data)
    m_nrf_log_UARTE_logs_data_const          0x0002efe0   Data           8  nrfx_uarte.o(log_const_data)
    m_nrf_log_TWIM_logs_data_const           0x0002efe8   Data           8  nrfx_twim.o(log_const_data)
    m_nrf_log_app_button_logs_data_const     0x0002eff0   Data           8  app_button.o(log_const_data)
    m_nrf_log_app_timer_logs_data_const      0x0002eff8   Data           8  app_timer2.o(log_const_data)
    m_nrf_log_pwr_mgmt_logs_data_const       0x0002f000   Data           8  nrf_pwr_mgmt.o(log_const_data)
    m_nrf_log_sortlist_logs_data_const       0x0002f008   Data           8  nrf_sortlist.o(log_const_data)
    m_nrf_log_app_logs_data_const            0x0002f010   Data           8  nrf_log_frontend.o(log_const_data)
    m_nrf_log_nrf_sdh_logs_data_const        0x0002f018   Data           8  nrf_sdh.o(log_const_data)
    m_nrf_log_nrf_sdh_ble_logs_data_const    0x0002f020   Data           8  nrf_sdh_ble.o(log_const_data)
    m_nrf_log_nrf_sdh_soc_logs_data_const    0x0002f028   Data           8  nrf_sdh_soc.o(log_const_data)
    log_const_data$$Limit                    0x0002f030   Number         0  nrf_sdh_soc.o(log_const_data)
    log_mempool                              0x0002f030   Data          20  nrf_log_frontend.o(nrf_balloc)
    sdh_ble_observers0$$Base                 0x0002f044   Number         0  ble_conn_state.o(sdh_ble_observers0)
    sdh_ble_observers0$$Limit                0x0002f04c   Number         0  ble_conn_state.o(sdh_ble_observers0)
    sdh_ble_observers1$$Base                 0x0002f04c   Number         0  main.o(sdh_ble_observers1)
    sdh_ble_observers1$$Limit                0x0002f064   Number         0  ble_conn_params.o(sdh_ble_observers1)
    sdh_ble_observers2$$Base                 0x0002f064   Number         0  main.o(sdh_ble_observers2)
    sdh_ble_observers2$$Limit                0x0002f074   Number         0  main.o(sdh_ble_observers2)
    sdh_ble_observers3$$Base                 0x0002f074   Number         0  main.o(sdh_ble_observers3)
    sdh_ble_observers3$$Limit                0x0002f07c   Number         0  main.o(sdh_ble_observers3)
    sdh_soc_observers0$$Base                 0x0002f07c   Number         0  nrf_drv_clock.o(sdh_soc_observers0)
    sdh_soc_observers0$$Limit                0x0002f084   Number         0  nrf_drv_clock.o(sdh_soc_observers0)
    sdh_stack_observers0$$Base               0x0002f084   Number         0  nrf_sdh_ble.o(sdh_stack_observers0)
    sdh_stack_observers0$$Limit              0x0002f094   Number         0  nrf_sdh_soc.o(sdh_stack_observers0)
    sdh_state_observers0$$Base               0x0002f094   Number         0  nrf_drv_clock.o(sdh_state_observers0)
    sdh_state_observers0$$Limit              0x0002f09c   Number         0  nrf_drv_clock.o(sdh_state_observers0)
    Image$$RW_IRAM1$$Base                    0x20002ad8   Number         0  anon$$obj.o ABSOLUTE
    length                                   0x20002b04   Data           2  main.o(.data)
    s                                        0x20002b06   Data           1  main.o(.data)
    nrf_drv_uart_use_easy_dma                0x20002b3c   Data           1  nrf_drv_uart.o(.data)
    SystemCoreClock                          0x20002c2c   Data           4  system_nrf52.o(.data)
    mpu9250_data                             0x200030a8   Data         216  main.o(.bss)
    nrf_nvic_state                           0x200036f8   Data          12  app_util_platform.o(.bss)
    _SEGGER_RTT                              0x20003d54   Data         120  segger_rtt.o(.bss)
    __initial_sp                             0x20005fe0   Data           0  arm_startup_nrf52.o(STACK)



==============================================================================

Memory Map of the image

  Image Entry point : 0x00026201

  Load Region LR_IROM1 (Base: 0x00026000, Size: 0x000091f4, Max: 0x0005a000, ABSOLUTE, COMPRESSED[0x000090f8])

    Execution Region ER_IROM1 (Exec base: 0x00026000, Load base: 0x00026000, Size: 0x0000909c, Max: 0x0005a000, ABSOLUTE)

    Exec Addr    Load Addr    Size         Type   Attr      Idx    E Section Name        Object

    0x00026000   0x00026000   0x00000200   Data   RO         6187    RESET               arm_startup_nrf52.o
    0x00026200   0x00026200   0x00000000   Code   RO         6292  * .ARM.Collect$$$$00000000  mc_w.l(entry.o)
    0x00026200   0x00026200   0x00000004   Code   RO         6346    .ARM.Collect$$$$00000001  mc_w.l(entry2.o)
    0x00026204   0x00026204   0x00000004   Code   RO         6349    .ARM.Collect$$$$00000004  mc_w.l(entry5.o)
    0x00026208   0x00026208   0x00000000   Code   RO         6351    .ARM.Collect$$$$00000008  mc_w.l(entry7b.o)
    0x00026208   0x00026208   0x00000000   Code   RO         6353    .ARM.Collect$$$$0000000A  mc_w.l(entry8b.o)
    0x00026208   0x00026208   0x00000008   Code   RO         6354    .ARM.Collect$$$$0000000B  mc_w.l(entry9a.o)
    0x00026210   0x00026210   0x00000000   Code   RO         6356    .ARM.Collect$$$$0000000D  mc_w.l(entry10a.o)
    0x00026210   0x00026210   0x00000000   Code   RO         6358    .ARM.Collect$$$$0000000F  mc_w.l(entry11a.o)
    0x00026210   0x00026210   0x00000004   Code   RO         6347    .ARM.Collect$$$$00002712  mc_w.l(entry2.o)
    0x00026214   0x00026214   0x000000c8   Code   RO         4472    .emb_text           nrf_atfifo.o
    0x000262dc   0x000262dc   0x000000e2   Code   RO         4545    .emb_text           nrf_atomic.o
    0x000263be   0x000263be   0x00000002   PAD
    0x000263c0   0x000263c0   0x00000024   Code   RO         6188    .text               arm_startup_nrf52.o
    0x000263e4   0x000263e4   0x00000062   Code   RO         6300    .text               mc_w.l(uldiv.o)
    0x00026446   0x00026446   0x0000001e   Code   RO         6302    .text               mc_w.l(llshl.o)
    0x00026464   0x00026464   0x00000008   Code   RO         6304    .text               mc_w.l(ctype_o.o)
    0x0002646c   0x0002646c   0x00000024   Code   RO         6332    .text               mc_w.l(memcpya.o)
    0x00026490   0x00026490   0x00000024   Code   RO         6334    .text               mc_w.l(memseta.o)
    0x000264b4   0x000264b4   0x0000000e   Code   RO         6336    .text               mc_w.l(strlen.o)
    0x000264c2   0x000264c2   0x00000012   Code   RO         6342    .text               mc_w.l(strcpy.o)
    0x000264d4   0x000264d4   0x00000020   Code   RO         6361    .text               mc_w.l(llushr.o)
    0x000264f4   0x000264f4   0x00000024   Code   RO         6364    .text               mc_w.l(init.o)
    0x00026518   0x00026518   0x00000056   Code   RO         6374    .text               mc_w.l(__dczerorl2.o)
    0x0002656e   0x0002656e   0x00000002   PAD
    0x00026570   0x00026570   0x00000064   Code   RO          475    i.AK8963_register_read  mpu9250.o
    0x000265d4   0x000265d4   0x00000040   Code   RO          476    i.AK8963_register_write  mpu9250.o
    0x00026614   0x00026614   0x0000021c   Code   RO         2214    i.GPIOTE_IRQHandler  nrfx_gpiote.o
    0x00026830   0x00026830   0x0000005a   Code   RO          477    i.MPU9250_ReadAcc   mpu9250.o
    0x0002688a   0x0002688a   0x00000050   Code   RO          478    i.MPU9250_ReadGyro  mpu9250.o
    0x000268da   0x000268da   0x000000a6   Code   RO          479    i.MPU9250_ReadMag   mpu9250.o
    0x00026980   0x00026980   0x00000040   Code   RO         6195    i.NVIC_SystemReset  system_nrf52.o
    0x000269c0   0x000269c0   0x00000054   Code   RO         2046    i.POWER_CLOCK_IRQHandler  nrfx_clock.o
    0x00026a14   0x00026a14   0x00000018   Code   RO         4246    i.RTC1_IRQHandler   drv_rtc.o
    0x00026a2c   0x00026a2c   0x00000008   Code   RO         5620    i.SEGGER_RTT_Init   segger_rtt.o
    0x00026a34   0x00026a34   0x00000084   Code   RO         5634    i.SEGGER_RTT_WriteNoLock  segger_rtt.o
    0x00026ab8   0x00026ab8   0x00000014   Code   RO         3291    i.SPIM0_SPIS0_TWIM0_TWIS0_SPI0_TWI0_IRQHandler  nrfx_twim.o
    0x00026acc   0x00026acc   0x00000008   Code   RO         5969    i.SWI2_EGU2_IRQHandler  nrf_sdh.o
    0x00026ad4   0x00026ad4   0x00000010   Code   RO         6196    i.SystemCoreClockUpdate  system_nrf52.o
    0x00026ae4   0x00026ae4   0x000002a0   Code   RO         6197    i.SystemInit        system_nrf52.o
    0x00026d84   0x00026d84   0x00000010   Code   RO         2535    i.UARTE0_UART0_IRQHandler  nrfx_prs.o
    0x00026d94   0x00026d94   0x00000070   Code   RO         5638    i._DoInit           segger_rtt.o
    0x00026e04   0x00026e04   0x0000001c   Code   RO         5639    i._GetAvailWriteSpace  segger_rtt.o
    0x00026e20   0x00026e20   0x00000072   Code   RO         5641    i._WriteBlocking    segger_rtt.o
    0x00026e92   0x00026e92   0x0000004c   Code   RO         5642    i._WriteNoCheck     segger_rtt.o
    0x00026ede   0x00026ede   0x0000000e   Code   RO         6368    i.__scatterload_copy  mc_w.l(handlers.o)
    0x00026eec   0x00026eec   0x00000002   Code   RO         6369    i.__scatterload_null  mc_w.l(handlers.o)
    0x00026eee   0x00026eee   0x0000000e   Code   RO         6370    i.__scatterload_zeroinit  mc_w.l(handlers.o)
    0x00026efc   0x00026efc   0x00000038   Code   RO         5970    i.__sd_nvic_app_accessible_irq  nrf_sdh.o
    0x00026f34   0x00026f34   0x0000000c   Code   RO         3706    i.__sd_nvic_irq_disable  app_util_platform.o
    0x00026f40   0x00026f40   0x00000018   Code   RO         1152    i.addr_is_valid     ble_advertising.o
    0x00026f58   0x00026f58   0x00000058   Code   RO         1153    i.adv_mode_next_avail_get  ble_advertising.o
    0x00026fb0   0x00026fb0   0x00000012   Code   RO         1154    i.adv_mode_next_get  ble_advertising.o
    0x00026fc2   0x00026fc2   0x00000012   Code   RO         1155    i.adv_set_data_size_max_get  ble_advertising.o
    0x00026fd4   0x00026fd4   0x00000070   Code   RO            4    i.advertising_init  main.o
    0x00027044   0x00027044   0x00000024   Code   RO            5    i.advertising_start  main.o
    0x00027068   0x00027068   0x0000000c   Code   RO          759    i.alert_timer_handler  bsp.o
    0x00027074   0x00027074   0x0000002c   Code   RO         3495    i.app_button_enable  app_button.o
    0x000270a0   0x000270a0   0x000000b0   Code   RO         3496    i.app_button_init   app_button.o
    0x00027150   0x00027150   0x000000bc   Code   RO         3663    i.app_error_fault_handler  app_error_weak.o
    0x0002720c   0x0002720c   0x0000001c   Code   RO         3603    i.app_error_handler_bare  app_error.o
    0x00027228   0x00027228   0x0000001e   Code   RO         3845    i.app_fifo_get      app_fifo.o
    0x00027246   0x00027246   0x00000022   Code   RO         3848    i.app_fifo_put      app_fifo.o
    0x00027268   0x00027268   0x00000010   Code   RO         3984    i.app_timer_cnt_get  app_timer2.o
    0x00027278   0x00027278   0x00000020   Code   RO         3985    i.app_timer_create  app_timer2.o
    0x00027298   0x00027298   0x0000006c   Code   RO         3986    i.app_timer_init    app_timer2.o
    0x00027304   0x00027304   0x00000036   Code   RO         3989    i.app_timer_start   app_timer2.o
    0x0002733a   0x0002733a   0x00000014   Code   RO         3990    i.app_timer_stop    app_timer2.o
    0x0002734e   0x0002734e   0x00000002   PAD
    0x00027350   0x00027350   0x0000006c   Code   RO         4144    i.app_uart_put      app_uart_fifo.o
    0x000273bc   0x000273bc   0x0000000c   Code   RO         3707    i.app_util_critical_region_enter  app_util_platform.o
    0x000273c8   0x000273c8   0x00000048   Code   RO         3708    i.app_util_critical_region_exit  app_util_platform.o
    0x00027410   0x00027410   0x00000052   Code   RO          930    i.appearance_encode  ble_advdata.o
    0x00027462   0x00027462   0x00000002   PAD
    0x00027464   0x00027464   0x00000028   Code   RO            6    i.application_timers_start  main.o
    0x0002748c   0x0002748c   0x0000003c   Code   RO         5334    i.backend_id_assign  nrf_log_frontend.o
    0x000274c8   0x000274c8   0x0000006c   Code   RO         1749    i.blcm_link_ctx_get  ble_link_ctx_manager.o
    0x00027534   0x00027534   0x0000016c   Code   RO          932    i.ble_advdata_encode  ble_advdata.o
    0x000276a0   0x000276a0   0x00000028   Code   RO          934    i.ble_advdata_parse  ble_advdata.o
    0x000276c8   0x000276c8   0x0000004e   Code   RO          935    i.ble_advdata_search  ble_advdata.o
    0x00027716   0x00027716   0x00000006   Code   RO         1157    i.ble_advertising_conn_cfg_tag_set  ble_advertising.o
    0x0002771c   0x0002771c   0x00000108   Code   RO         1158    i.ble_advertising_init  ble_advertising.o
    0x00027824   0x00027824   0x0000003c   Code   RO         1160    i.ble_advertising_on_ble_evt  ble_advertising.o
    0x00027860   0x00027860   0x00000174   Code   RO         1163    i.ble_advertising_start  ble_advertising.o
    0x000279d4   0x000279d4   0x0000009c   Code   RO         1058    i.ble_conn_params_init  ble_conn_params.o
    0x00027a70   0x00027a70   0x00000014   Code   RO         1310    i.ble_conn_state_conn_idx  ble_conn_state.o
    0x00027a84   0x00027a84   0x0000001c   Code   RO         1324    i.ble_conn_state_valid  ble_conn_state.o
    0x00027aa0   0x00027aa0   0x00000076   Code   RO          938    i.ble_device_addr_encode  ble_advdata.o
    0x00027b16   0x00027b16   0x00000002   PAD
    0x00027b18   0x00027b18   0x00000170   Code   RO            7    i.ble_evt_handler   main.o
    0x00027c88   0x00027c88   0x00000040   Code   RO         1060    i.ble_evt_handler   ble_conn_params.o
    0x00027cc8   0x00027cc8   0x000000b8   Code   RO         1325    i.ble_evt_handler   ble_conn_state.o
    0x00027d80   0x00027d80   0x00000012   Code   RO         1502    i.ble_srv_is_notification_enabled  ble_srv_common.o
    0x00027d92   0x00027d92   0x00000056   Code   RO            8    i.ble_stack_init    main.o
    0x00027de8   0x00027de8   0x0000007a   Code   RO         1773    i.ble_uarts_data_send  my_ble_uarts.o
    0x00027e62   0x00027e62   0x00000002   PAD
    0x00027e64   0x00027e64   0x0000010c   Code   RO         1774    i.ble_uarts_init    my_ble_uarts.o
    0x00027f70   0x00027f70   0x00000044   Code   RO         1775    i.ble_uarts_on_ble_evt  my_ble_uarts.o
    0x00027fb4   0x00027fb4   0x0000002c   Code   RO          639    i.bsp_board_buttons_init  boards.o
    0x00027fe0   0x00027fe0   0x0000001a   Code   RO          640    i.bsp_board_init    boards.o
    0x00027ffa   0x00027ffa   0x00000002   PAD
    0x00027ffc   0x00027ffc   0x00000030   Code   RO          642    i.bsp_board_led_invert  boards.o
    0x0002802c   0x0002802c   0x00000014   Code   RO          643    i.bsp_board_led_off  boards.o
    0x00028040   0x00028040   0x00000014   Code   RO          644    i.bsp_board_led_on  boards.o
    0x00028054   0x00028054   0x00000030   Code   RO          645    i.bsp_board_led_state_get  boards.o
    0x00028084   0x00028084   0x00000030   Code   RO          646    i.bsp_board_leds_init  boards.o
    0x000280b4   0x000280b4   0x00000014   Code   RO          647    i.bsp_board_leds_off  boards.o
    0x000280c8   0x000280c8   0x00000014   Code   RO          648    i.bsp_board_leds_on  boards.o
    0x000280dc   0x000280dc   0x00000024   Code   RO          649    i.bsp_board_pin_to_button_idx  boards.o
    0x00028100   0x00028100   0x000000c4   Code   RO          760    i.bsp_button_event_handler  bsp.o
    0x000281c4   0x000281c4   0x0000005c   Code   RO          764    i.bsp_event_to_button_action_assign  bsp.o
    0x00028220   0x00028220   0x00000020   Code   RO          765    i.bsp_indication_set  bsp.o
    0x00028240   0x00028240   0x000000ac   Code   RO          766    i.bsp_init          bsp.o
    0x000282ec   0x000282ec   0x00000388   Code   RO          767    i.bsp_led_indication  bsp.o
    0x00028674   0x00028674   0x000000e4   Code   RO         5335    i.buf_prealloc      nrf_log_frontend.o
    0x00028758   0x00028758   0x0000002c   Code   RO         4836    i.buffer_add        nrf_fprintf_format.o
    0x00028784   0x00028784   0x00000018   Code   RO         5336    i.buffer_is_empty   nrf_log_frontend.o
    0x0002879c   0x0002879c   0x0000002c   Code   RO         3498    i.button_get        app_button.o
    0x000287c8   0x000287c8   0x0000000e   Code   RO          770    i.button_timer_handler  bsp.o
    0x000287d6   0x000287d6   0x00000002   PAD
    0x000287d8   0x000287d8   0x00000020   Code   RO         2215    i.channel_free      nrfx_gpiote.o
    0x000287f8   0x000287f8   0x00000010   Code   RO         2216    i.channel_handler_get  nrfx_gpiote.o
    0x00028808   0x00028808   0x00000080   Code   RO         2217    i.channel_port_alloc  nrfx_gpiote.o
    0x00028888   0x00028888   0x0000000c   Code   RO         2218    i.channel_port_get  nrfx_gpiote.o
    0x00028894   0x00028894   0x000001c8   Code   RO         1504    i.characteristic_add  ble_srv_common.o
    0x00028a5c   0x00028a5c   0x00000030   Code   RO         1825    i.clock_clk_started_notify  nrf_drv_clock.o
    0x00028a8c   0x00028a8c   0x00000028   Code   RO         1826    i.clock_irq_handler  nrf_drv_clock.o
    0x00028ab4   0x00028ab4   0x00000026   Code   RO         3992    i.compare_func      app_timer2.o
    0x00028ada   0x00028ada   0x00000028   Code   RO         1165    i.config_is_valid   ble_advertising.o
    0x00028b02   0x00028b02   0x0000003c   Code   RO         1326    i.conn_handle_list_get  ble_conn_state.o
    0x00028b3e   0x00028b3e   0x0000005a   Code   RO          939    i.conn_int_check    ble_advdata.o
    0x00028b98   0x00028b98   0x00000068   Code   RO          940    i.conn_int_encode   ble_advdata.o
    0x00028c00   0x00028c00   0x00000010   Code   RO            9    i.conn_params_error_handler  main.o
    0x00028c10   0x00028c10   0x0000005c   Code   RO           10    i.conn_params_init  main.o
    0x00028c6c   0x00028c6c   0x00000054   Code   RO         1061    i.conn_params_negotiation  ble_conn_params.o
    0x00028cc0   0x00028cc0   0x000000e8   Code   RO         1571    i.data_length_update  nrf_ble_gatt.o
    0x00028da8   0x00028da8   0x00000060   Code   RO         3499    i.detection_delay_timeout_handler  app_button.o
    0x00028e08   0x00028e08   0x00000018   Code   RO         5337    i.dropped_sat16_get  nrf_log_frontend.o
    0x00028e20   0x00028e20   0x00000016   Code   RO         4247    i.drv_rtc_compare_disable  drv_rtc.o
    0x00028e36   0x00028e36   0x0000001a   Code   RO         4249    i.drv_rtc_compare_pending  drv_rtc.o
    0x00028e50   0x00028e50   0x0000005c   Code   RO         4250    i.drv_rtc_compare_set  drv_rtc.o
    0x00028eac   0x00028eac   0x0000000c   Code   RO         4251    i.drv_rtc_counter_get  drv_rtc.o
    0x00028eb8   0x00028eb8   0x0000011c   Code   RO         4252    i.drv_rtc_init      drv_rtc.o
    0x00028fd4   0x00028fd4   0x00000020   Code   RO         4253    i.drv_rtc_irq_trigger  drv_rtc.o
    0x00028ff4   0x00028ff4   0x00000012   Code   RO         4255    i.drv_rtc_overflow_enable  drv_rtc.o
    0x00029006   0x00029006   0x00000010   Code   RO         4256    i.drv_rtc_overflow_pending  drv_rtc.o
    0x00029016   0x00029016   0x0000000e   Code   RO         4257    i.drv_rtc_start     drv_rtc.o
    0x00029024   0x00029024   0x0000000e   Code   RO         4258    i.drv_rtc_stop      drv_rtc.o
    0x00029032   0x00029032   0x00000104   Code   RO         4263    i.drv_rtc_windowed_compare_set  drv_rtc.o
    0x00029136   0x00029136   0x00000002   PAD
    0x00029138   0x00029138   0x00000054   Code   RO         6198    i.errata_108        system_nrf52.o
    0x0002918c   0x0002918c   0x00000054   Code   RO         6199    i.errata_12         system_nrf52.o
    0x000291e0   0x000291e0   0x00000054   Code   RO         6200    i.errata_136        system_nrf52.o
    0x00029234   0x00029234   0x00000030   Code   RO         6201    i.errata_16         system_nrf52.o
    0x00029264   0x00029264   0x00000020   Code   RO         6202    i.errata_182        system_nrf52.o
    0x00029284   0x00029284   0x00000054   Code   RO         6203    i.errata_31         system_nrf52.o
    0x000292d8   0x000292d8   0x00000030   Code   RO         6204    i.errata_32         system_nrf52.o
    0x00029308   0x00029308   0x00000054   Code   RO         6205    i.errata_36         system_nrf52.o
    0x0002935c   0x0002935c   0x00000030   Code   RO         6206    i.errata_37         system_nrf52.o
    0x0002938c   0x0002938c   0x00000030   Code   RO         6207    i.errata_57         system_nrf52.o
    0x000293bc   0x000293bc   0x00000030   Code   RO         6208    i.errata_66         system_nrf52.o
    0x000293ec   0x000293ec   0x00000018   Code   RO         4264    i.evt_disable       drv_rtc.o
    0x00029404   0x00029404   0x0000001c   Code   RO         4265    i.evt_enable        drv_rtc.o
    0x00029420   0x00029420   0x000000f0   Code   RO         3500    i.evt_handle        app_button.o
    0x00029510   0x00029510   0x0000001c   Code   RO         4266    i.evt_pending       drv_rtc.o
    0x0002952c   0x0002952c   0x00000018   Code   RO         3851    i.fifo_get          app_fifo.o
    0x00029544   0x00029544   0x0000000a   Code   RO         3852    i.fifo_length       app_fifo.o
    0x0002954e   0x0002954e   0x00000012   Code   RO         3853    i.fifo_peek         app_fifo.o
    0x00029560   0x00029560   0x00000012   Code   RO         3854    i.fifo_put          app_fifo.o
    0x00029572   0x00029572   0x0000001e   Code   RO         1327    i.flag_toggle       ble_conn_state.o
    0x00029590   0x00029590   0x00000036   Code   RO          941    i.flags_encode      ble_advdata.o
    0x000295c6   0x000295c6   0x0000002c   Code   RO         1166    i.flags_set         ble_advertising.o
    0x000295f2   0x000295f2   0x00000002   PAD
    0x000295f4   0x000295f4   0x0000007c   Code   RO           11    i.gap_params_init   main.o
    0x00029670   0x00029670   0x0000006c   Code   RO           12    i.gatt_evt_handler  main.o
    0x000296dc   0x000296dc   0x00000044   Code   RO           13    i.gatt_init         main.o
    0x00029720   0x00029720   0x0000003c   Code   RO         3993    i.get_now           app_timer2.o
    0x0002975c   0x0002975c   0x00000048   Code   RO         3501    i.gpiote_event_handler  app_button.o
    0x000297a4   0x000297a4   0x0000000e   Code   RO           14    i.idle_state_handle  main.o
    0x000297b2   0x000297b2   0x00000002   PAD
    0x000297b4   0x000297b4   0x0000002c   Code   RO         1062    i.instance_get      ble_conn_params.o
    0x000297e0   0x000297e0   0x000000be   Code   RO         4837    i.int_print         nrf_fprintf_format.o
    0x0002989e   0x0002989e   0x00000046   Code   RO         5339    i.invalid_packets_omit  nrf_log_frontend.o
    0x000298e4   0x000298e4   0x00000072   Code   RO         1063    i.is_conn_params_ok  ble_conn_params.o
    0x00029956   0x00029956   0x0000000c   Code   RO         1829    i.item_dequeue      nrf_drv_clock.o
    0x00029962   0x00029962   0x00000020   Code   RO           15    i.leds_init         main.o
    0x00029982   0x00029982   0x00000002   PAD
    0x00029984   0x00029984   0x00000028   Code   RO          771    i.leds_off          bsp.o
    0x000299ac   0x000299ac   0x00000020   Code   RO          772    i.leds_timer_handler  bsp.o
    0x000299cc   0x000299cc   0x00000014   Code   RO         1831    i.lfclk_stop        nrf_drv_clock.o
    0x000299e0   0x000299e0   0x00000018   Code   RO         1572    i.link_init         nrf_ble_gatt.o
    0x000299f8   0x000299f8   0x0000005c   Code   RO           16    i.log_init          main.o
    0x00029a54   0x00029a54   0x000000c8   Code   RO         5340    i.log_skip          nrf_log_frontend.o
    0x00029b1c   0x00029b1c   0x000001f8   Code   RO           17    i.main              main.o
    0x00029d14   0x00029d14   0x00000076   Code   RO          942    i.manuf_specific_data_encode  ble_advdata.o
    0x00029d8a   0x00029d8a   0x000000ca   Code   RO         4881    i.memobj_op         nrf_memobj.o
    0x00029e54   0x00029e54   0x00000038   Code   RO         5341    i.module_idx_get    nrf_log_frontend.o
    0x00029e8c   0x00029e8c   0x00000060   Code   RO          480    i.mpu9250_init      mpu9250.o
    0x00029eec   0x00029eec   0x00000064   Code   RO          481    i.mpu9250_register_read  mpu9250.o
    0x00029f50   0x00029f50   0x00000040   Code   RO          482    i.mpu9250_register_write  mpu9250.o
    0x00029f90   0x00029f90   0x00000174   Code   RO           18    i.mpu9250_timeout_handler  main.o
    0x0002a104   0x0002a104   0x00000022   Code   RO          483    i.mpu9250_verify_product_id  mpu9250.o
    0x0002a126   0x0002a126   0x000000c8   Code   RO          943    i.name_encode       ble_advdata.o
    0x0002a1ee   0x0002a1ee   0x00000028   Code   RO         4476    i.nrf_atfifo_init   nrf_atfifo.o
    0x0002a216   0x0002a216   0x0000001c   Code   RO         4477    i.nrf_atfifo_item_alloc  nrf_atfifo.o
    0x0002a232   0x0002a232   0x0000001c   Code   RO         4478    i.nrf_atfifo_item_free  nrf_atfifo.o
    0x0002a24e   0x0002a24e   0x0000001c   Code   RO         4479    i.nrf_atfifo_item_get  nrf_atfifo.o
    0x0002a26a   0x0002a26a   0x0000001c   Code   RO         4480    i.nrf_atfifo_item_put  nrf_atfifo.o
    0x0002a286   0x0002a286   0x0000001e   Code   RO         4684    i.nrf_atflags_clear  nrf_atflags.o
    0x0002a2a4   0x0002a2a4   0x0000001e   Code   RO         4689    i.nrf_atflags_get   nrf_atflags.o
    0x0002a2c2   0x0002a2c2   0x0000001e   Code   RO         4691    i.nrf_atflags_set   nrf_atflags.o
    0x0002a2e0   0x0002a2e0   0x0000000e   Code   RO         4547    i.nrf_atomic_flag_clear_fetch  nrf_atomic.o
    0x0002a2ee   0x0002a2ee   0x0000000e   Code   RO         4548    i.nrf_atomic_flag_set  nrf_atomic.o
    0x0002a2fc   0x0002a2fc   0x00000016   Code   RO         4550    i.nrf_atomic_u32_add  nrf_atomic.o
    0x0002a312   0x0002a312   0x00000016   Code   RO         4551    i.nrf_atomic_u32_and  nrf_atomic.o
    0x0002a328   0x0002a328   0x00000016   Code   RO         4554    i.nrf_atomic_u32_fetch_and  nrf_atomic.o
    0x0002a33e   0x0002a33e   0x00000016   Code   RO         4556    i.nrf_atomic_u32_fetch_store  nrf_atomic.o
    0x0002a354   0x0002a354   0x00000016   Code   RO         4560    i.nrf_atomic_u32_or  nrf_atomic.o
    0x0002a36a   0x0002a36a   0x00000016   Code   RO         4562    i.nrf_atomic_u32_sub  nrf_atomic.o
    0x0002a380   0x0002a380   0x00000052   Code   RO         4750    i.nrf_balloc_alloc  nrf_balloc.o
    0x0002a3d2   0x0002a3d2   0x00000010   Code   RO         4751    i.nrf_balloc_block2idx  nrf_balloc.o
    0x0002a3e2   0x0002a3e2   0x00000030   Code   RO         4752    i.nrf_balloc_free   nrf_balloc.o
    0x0002a412   0x0002a412   0x0000000c   Code   RO         4753    i.nrf_balloc_idx2block  nrf_balloc.o
    0x0002a41e   0x0002a41e   0x0000003c   Code   RO         4754    i.nrf_balloc_init   nrf_balloc.o
    0x0002a45a   0x0002a45a   0x00000016   Code   RO         2219    i.nrf_bitmask_bit_is_set  nrfx_gpiote.o
    0x0002a470   0x0002a470   0x00000016   Code   RO         2220    i.nrf_bitmask_bit_set  nrfx_gpiote.o
    0x0002a486   0x0002a486   0x0000001e   Code   RO         1574    i.nrf_ble_gatt_att_mtu_periph_set  nrf_ble_gatt.o
    0x0002a4a4   0x0002a4a4   0x00000034   Code   RO         1578    i.nrf_ble_gatt_init  nrf_ble_gatt.o
    0x0002a4d8   0x0002a4d8   0x00000108   Code   RO         1579    i.nrf_ble_gatt_on_ble_evt  nrf_ble_gatt.o
    0x0002a5e0   0x0002a5e0   0x00000020   Code   RO         1693    i.nrf_ble_qwr_conn_handle_assign  nrf_ble_qwr.o
    0x0002a600   0x0002a600   0x00000032   Code   RO         1694    i.nrf_ble_qwr_init  nrf_ble_qwr.o
    0x0002a632   0x0002a632   0x0000007c   Code   RO         1695    i.nrf_ble_qwr_on_ble_evt  nrf_ble_qwr.o
    0x0002a6ae   0x0002a6ae   0x00000012   Code   RO         2047    i.nrf_clock_event_check  nrfx_clock.o
    0x0002a6c0   0x0002a6c0   0x00000012   Code   RO         2048    i.nrf_clock_event_clear  nrfx_clock.o
    0x0002a6d2   0x0002a6d2   0x00000002   PAD
    0x0002a6d4   0x0002a6d4   0x0000000c   Code   RO         2049    i.nrf_clock_int_disable  nrfx_clock.o
    0x0002a6e0   0x0002a6e0   0x00000008   Code   RO         2051    i.nrf_clock_task_trigger  nrfx_clock.o
    0x0002a6e8   0x0002a6e8   0x00000030   Code   RO           19    i.nrf_delay_ms      main.o
    0x0002a718   0x0002a718   0x00000040   Code   RO         1837    i.nrf_drv_clock_init  nrf_drv_clock.o
    0x0002a758   0x0002a758   0x00000030   Code   RO         1841    i.nrf_drv_clock_lfclk_release  nrf_drv_clock.o
    0x0002a788   0x0002a788   0x00000050   Code   RO         3198    i.nrf_drv_twi_init  nrf_drv_twi.o
    0x0002a7d8   0x0002a7d8   0x00000024   Code   RO          484    i.nrf_drv_twi_rx    mpu9250.o
    0x0002a7fc   0x0002a7fc   0x0000002c   Code   RO          485    i.nrf_drv_twi_tx    mpu9250.o
    0x0002a828   0x0002a828   0x00000044   Code   RO         4147    i.nrf_drv_uart_tx   app_uart_fifo.o
    0x0002a86c   0x0002a86c   0x0000002a   Code   RO         4797    i.nrf_fprintf       nrf_fprintf.o
    0x0002a896   0x0002a896   0x0000001c   Code   RO         4798    i.nrf_fprintf_buffer_flush  nrf_fprintf.o
    0x0002a8b2   0x0002a8b2   0x000001f0   Code   RO         4838    i.nrf_fprintf_fmt   nrf_fprintf_format.o
    0x0002aaa2   0x0002aaa2   0x00000028   Code   RO          651    i.nrf_gpio_cfg      boards.o
    0x0002aaca   0x0002aaca   0x00000028   Code   RO         2221    i.nrf_gpio_cfg      nrfx_gpiote.o
    0x0002aaf2   0x0002aaf2   0x00000028   Code   RO         3292    i.nrf_gpio_cfg      nrfx_twim.o
    0x0002ab1a   0x0002ab1a   0x00000032   Code   RO         2223    i.nrf_gpio_cfg_sense_set  nrfx_gpiote.o
    0x0002ab4c   0x0002ab4c   0x00000016   Code   RO         3199    i.nrf_gpio_pin_clear  nrf_drv_twi.o
    0x0002ab62   0x0002ab62   0x00000018   Code   RO         2225    i.nrf_gpio_pin_read  nrfx_gpiote.o
    0x0002ab7a   0x0002ab7a   0x00000016   Code   RO         3200    i.nrf_gpio_pin_set  nrf_drv_twi.o
    0x0002ab90   0x0002ab90   0x00000022   Code   RO           20    i.nrf_gpio_pin_toggle  main.o
    0x0002abb2   0x0002abb2   0x0000003a   Code   RO          652    i.nrf_gpio_pin_write  boards.o
    0x0002abec   0x0002abec   0x00000028   Code   RO         2227    i.nrf_gpio_ports_read  nrfx_gpiote.o
    0x0002ac14   0x0002ac14   0x0000000c   Code   RO         2228    i.nrf_gpiote_event_addr_get  nrfx_gpiote.o
    0x0002ac20   0x0002ac20   0x0000001c   Code   RO         2229    i.nrf_gpiote_event_clear  nrfx_gpiote.o
    0x0002ac3c   0x0002ac3c   0x00000016   Code   RO         2230    i.nrf_gpiote_event_is_set  nrfx_gpiote.o
    0x0002ac52   0x0002ac52   0x00000002   PAD
    0x0002ac54   0x0002ac54   0x0000000c   Code   RO         2231    i.nrf_gpiote_int_enable  nrfx_gpiote.o
    0x0002ac60   0x0002ac60   0x00000054   Code   RO         5342    i.nrf_log_backend_add  nrf_log_frontend.o
    0x0002acb4   0x0002acb4   0x00000002   Code   RO         5193    i.nrf_log_backend_rtt_flush  nrf_log_backend_rtt.o
    0x0002acb6   0x0002acb6   0x00000008   Code   RO         5194    i.nrf_log_backend_rtt_init  nrf_log_backend_rtt.o
    0x0002acbe   0x0002acbe   0x00000002   Code   RO         5195    i.nrf_log_backend_rtt_panic_set  nrf_log_backend_rtt.o
    0x0002acc0   0x0002acc0   0x00000020   Code   RO         5196    i.nrf_log_backend_rtt_put  nrf_log_backend_rtt.o
    0x0002ace0   0x0002ace0   0x000000f2   Code   RO         5264    i.nrf_log_backend_serial_put  nrf_log_backend_serial.o
    0x0002add2   0x0002add2   0x00000002   PAD
    0x0002add4   0x0002add4   0x00000038   Code   RO         5344    i.nrf_log_color_id_get  nrf_log_frontend.o
    0x0002ae0c   0x0002ae0c   0x00000028   Code   RO         5298    i.nrf_log_default_backends_init  nrf_log_default_backends.o
    0x0002ae34   0x0002ae34   0x00000318   Code   RO         5345    i.nrf_log_frontend_dequeue  nrf_log_frontend.o
    0x0002b14c   0x0002b14c   0x00000014   Code   RO         5347    i.nrf_log_frontend_std_0  nrf_log_frontend.o
    0x0002b160   0x0002b160   0x00000018   Code   RO         5348    i.nrf_log_frontend_std_1  nrf_log_frontend.o
    0x0002b178   0x0002b178   0x00000020   Code   RO         5349    i.nrf_log_frontend_std_2  nrf_log_frontend.o
    0x0002b198   0x0002b198   0x000000bc   Code   RO         5538    i.nrf_log_hexdump_entry_process  nrf_log_str_formatter.o
    0x0002b254   0x0002b254   0x00000058   Code   RO         5354    i.nrf_log_init      nrf_log_frontend.o
    0x0002b2ac   0x0002b2ac   0x00000014   Code   RO         5355    i.nrf_log_module_cnt_get  nrf_log_frontend.o
    0x0002b2c0   0x0002b2c0   0x00000024   Code   RO         5359    i.nrf_log_module_name_get  nrf_log_frontend.o
    0x0002b2e4   0x0002b2e4   0x00000038   Code   RO         5360    i.nrf_log_panic     nrf_log_frontend.o
    0x0002b31c   0x0002b31c   0x000000c8   Code   RO         5539    i.nrf_log_std_entry_process  nrf_log_str_formatter.o
    0x0002b3e4   0x0002b3e4   0x0000007a   Code   RO         4882    i.nrf_memobj_alloc  nrf_memobj.o
    0x0002b45e   0x0002b45e   0x00000040   Code   RO         4883    i.nrf_memobj_free   nrf_memobj.o
    0x0002b49e   0x0002b49e   0x00000010   Code   RO         4884    i.nrf_memobj_get    nrf_memobj.o
    0x0002b4ae   0x0002b4ae   0x0000000c   Code   RO         4885    i.nrf_memobj_pool_init  nrf_memobj.o
    0x0002b4ba   0x0002b4ba   0x0000001e   Code   RO         4886    i.nrf_memobj_put    nrf_memobj.o
    0x0002b4d8   0x0002b4d8   0x00000022   Code   RO         4887    i.nrf_memobj_read   nrf_memobj.o
    0x0002b4fa   0x0002b4fa   0x00000022   Code   RO         4888    i.nrf_memobj_write  nrf_memobj.o
    0x0002b51c   0x0002b51c   0x00000040   Code   RO         4961    i.nrf_pwr_mgmt_init  nrf_pwr_mgmt.o
    0x0002b55c   0x0002b55c   0x00000068   Code   RO         4962    i.nrf_pwr_mgmt_run  nrf_pwr_mgmt.o
    0x0002b5c4   0x0002b5c4   0x00000010   Code   RO           21    i.nrf_qwr_error_handler  main.o
    0x0002b5d4   0x0002b5d4   0x0000001c   Code   RO         5044    i.nrf_ringbuf_init  nrf_ringbuf.o
    0x0002b5f0   0x0002b5f0   0x0000000a   Code   RO         4267    i.nrf_rtc_cc_set    drv_rtc.o
    0x0002b5fa   0x0002b5fa   0x00000008   Code   RO         4268    i.nrf_rtc_counter_get  drv_rtc.o
    0x0002b602   0x0002b602   0x0000000e   Code   RO         4269    i.nrf_rtc_event_clear  drv_rtc.o
    0x0002b610   0x0002b610   0x00000006   Code   RO         4270    i.nrf_rtc_event_disable  drv_rtc.o
    0x0002b616   0x0002b616   0x00000006   Code   RO         4271    i.nrf_rtc_event_enable  drv_rtc.o
    0x0002b61c   0x0002b61c   0x00000006   Code   RO         4272    i.nrf_rtc_int_disable  drv_rtc.o
    0x0002b622   0x0002b622   0x00000006   Code   RO         4273    i.nrf_rtc_int_enable  drv_rtc.o
    0x0002b628   0x0002b628   0x00000006   Code   RO         4274    i.nrf_rtc_task_trigger  drv_rtc.o
    0x0002b62e   0x0002b62e   0x00000002   PAD
    0x0002b630   0x0002b630   0x00000018   Code   RO         6095    i.nrf_sdh_ble_app_ram_start_get  nrf_sdh_ble.o
    0x0002b648   0x0002b648   0x000001a0   Code   RO         6096    i.nrf_sdh_ble_default_cfg_set  nrf_sdh_ble.o
    0x0002b7e8   0x0002b7e8   0x0000014c   Code   RO         6097    i.nrf_sdh_ble_enable  nrf_sdh_ble.o
    0x0002b934   0x0002b934   0x00000074   Code   RO         6098    i.nrf_sdh_ble_evts_poll  nrf_sdh_ble.o
    0x0002b9a8   0x0002b9a8   0x00000084   Code   RO         5972    i.nrf_sdh_enable_request  nrf_sdh.o
    0x0002ba2c   0x0002ba2c   0x00000030   Code   RO         5973    i.nrf_sdh_evts_poll  nrf_sdh.o
    0x0002ba5c   0x0002ba5c   0x0000000c   Code   RO         5974    i.nrf_sdh_is_enabled  nrf_sdh.o
    0x0002ba68   0x0002ba68   0x00000054   Code   RO         6154    i.nrf_sdh_soc_evts_poll  nrf_sdh_soc.o
    0x0002babc   0x0002babc   0x00000006   Code   RO         5979    i.nrf_section_iter_get  nrf_sdh.o
    0x0002bac2   0x0002bac2   0x00000014   Code   RO         5102    i.nrf_section_iter_init  nrf_section_iter.o
    0x0002bad6   0x0002bad6   0x0000002e   Code   RO         5103    i.nrf_section_iter_item_set  nrf_section_iter.o
    0x0002bb04   0x0002bb04   0x0000002e   Code   RO         5104    i.nrf_section_iter_next  nrf_section_iter.o
    0x0002bb32   0x0002bb32   0x00000028   Code   RO         5137    i.nrf_sortlist_add  nrf_sortlist.o
    0x0002bb5a   0x0002bb5a   0x00000008   Code   RO         5139    i.nrf_sortlist_peek  nrf_sortlist.o
    0x0002bb62   0x0002bb62   0x00000018   Code   RO         5140    i.nrf_sortlist_pop  nrf_sortlist.o
    0x0002bb7a   0x0002bb7a   0x00000026   Code   RO         5141    i.nrf_sortlist_remove  nrf_sortlist.o
    0x0002bba0   0x0002bba0   0x00000040   Code   RO         3811    i.nrf_strerror_find  nrf_strerror.o
    0x0002bbe0   0x0002bbe0   0x0000001c   Code   RO         3812    i.nrf_strerror_get  nrf_strerror.o
    0x0002bbfc   0x0002bbfc   0x00000008   Code   RO         3294    i.nrf_twim_enable   nrfx_twim.o
    0x0002bc04   0x0002bc04   0x0000000c   Code   RO         3295    i.nrf_twim_errorsrc_get_and_clear  nrfx_twim.o
    0x0002bc10   0x0002bc10   0x0000000e   Code   RO         3296    i.nrf_twim_event_check  nrfx_twim.o
    0x0002bc1e   0x0002bc1e   0x0000000e   Code   RO         3297    i.nrf_twim_event_clear  nrfx_twim.o
    0x0002bc2c   0x0002bc2c   0x00000006   Code   RO         3298    i.nrf_twim_int_disable  nrfx_twim.o
    0x0002bc32   0x0002bc32   0x00000006   Code   RO         3299    i.nrf_twim_int_enable  nrfx_twim.o
    0x0002bc38   0x0002bc38   0x0000000c   Code   RO         3300    i.nrf_twim_rx_buffer_set  nrfx_twim.o
    0x0002bc44   0x0002bc44   0x0000000a   Code   RO         3301    i.nrf_twim_rxd_amount_get  nrfx_twim.o
    0x0002bc4e   0x0002bc4e   0x00000006   Code   RO         3302    i.nrf_twim_shorts_set  nrfx_twim.o
    0x0002bc54   0x0002bc54   0x00000006   Code   RO         3303    i.nrf_twim_task_trigger  nrfx_twim.o
    0x0002bc5a   0x0002bc5a   0x0000000c   Code   RO         3304    i.nrf_twim_tx_buffer_set  nrfx_twim.o
    0x0002bc66   0x0002bc66   0x0000000a   Code   RO         3305    i.nrf_twim_txd_amount_get  nrfx_twim.o
    0x0002bc70   0x0002bc70   0x0000000e   Code   RO         2598    i.nrf_uart_event_check  nrfx_uart.o
    0x0002bc7e   0x0002bc7e   0x0000000e   Code   RO         2599    i.nrf_uart_event_clear  nrfx_uart.o
    0x0002bc8c   0x0002bc8c   0x00000006   Code   RO         2604    i.nrf_uart_task_trigger  nrfx_uart.o
    0x0002bc92   0x0002bc92   0x0000000e   Code   RO         2843    i.nrf_uarte_event_check  nrfx_uarte.o
    0x0002bca0   0x0002bca0   0x0000000e   Code   RO         2844    i.nrf_uarte_event_clear  nrfx_uarte.o
    0x0002bcae   0x0002bcae   0x00000006   Code   RO         2850    i.nrf_uarte_task_trigger  nrfx_uarte.o
    0x0002bcb4   0x0002bcb4   0x00000014   Code   RO         2057    i.nrfx_clock_enable  nrfx_clock.o
    0x0002bcc8   0x0002bcc8   0x00000024   Code   RO         2060    i.nrfx_clock_init   nrfx_clock.o
    0x0002bcec   0x0002bcec   0x00000020   Code   RO         2063    i.nrfx_clock_lfclk_stop  nrfx_clock.o
    0x0002bd0c   0x0002bd0c   0x00000018   Code   RO         3201    i.nrfx_coredep_delay_us  nrf_drv_twi.o
    0x0002bd24   0x0002bd24   0x00000018   Code   RO         4275    i.nrfx_coredep_delay_us  drv_rtc.o
    0x0002bd3c   0x0002bd3c   0x00000008   Code   RO         2065    i.nrfx_get_irq_number  nrfx_clock.o
    0x0002bd44   0x0002bd44   0x00000008   Code   RO         3306    i.nrfx_get_irq_number  nrfx_twim.o
    0x0002bd4c   0x0002bd4c   0x000000ac   Code   RO         2238    i.nrfx_gpiote_in_event_enable  nrfx_gpiote.o
    0x0002bdf8   0x0002bdf8   0x000000f4   Code   RO         2239    i.nrfx_gpiote_in_init  nrfx_gpiote.o
    0x0002beec   0x0002beec   0x00000014   Code   RO         2240    i.nrfx_gpiote_in_is_set  nrfx_gpiote.o
    0x0002bf00   0x0002bf00   0x000000ac   Code   RO         2242    i.nrfx_gpiote_init  nrfx_gpiote.o
    0x0002bfac   0x0002bfac   0x00000014   Code   RO         2243    i.nrfx_gpiote_is_init  nrfx_gpiote.o
    0x0002bfc0   0x0002bfc0   0x00000014   Code   RO         2854    i.nrfx_is_in_ram    nrfx_uarte.o
    0x0002bfd4   0x0002bfd4   0x00000014   Code   RO         3307    i.nrfx_is_in_ram    nrfx_twim.o
    0x0002bfe8   0x0002bfe8   0x000000a4   Code   RO         2066    i.nrfx_power_clock_irq_init  nrfx_clock.o
    0x0002c08c   0x0002c08c   0x0000004e   Code   RO         2536    i.nrfx_prs_acquire  nrfx_prs.o
    0x0002c0da   0x0002c0da   0x00000002   PAD
    0x0002c0dc   0x0002c0dc   0x00000028   Code   RO         3309    i.nrfx_twim_enable  nrfx_twim.o
    0x0002c104   0x0002c104   0x0000011c   Code   RO         3310    i.nrfx_twim_init    nrfx_twim.o
    0x0002c220   0x0002c220   0x00000030   Code   RO         3312    i.nrfx_twim_rx      nrfx_twim.o
    0x0002c250   0x0002c250   0x0000003e   Code   RO         3315    i.nrfx_twim_tx      nrfx_twim.o
    0x0002c28e   0x0002c28e   0x00000002   PAD
    0x0002c290   0x0002c290   0x00000034   Code   RO         3317    i.nrfx_twim_xfer    nrfx_twim.o
    0x0002c2c4   0x0002c2c4   0x0000008c   Code   RO         2615    i.nrfx_uart_tx      nrfx_uart.o
    0x0002c350   0x0002c350   0x00000024   Code   RO         2617    i.nrfx_uart_tx_in_progress  nrfx_uart.o
    0x0002c374   0x0002c374   0x000000c0   Code   RO         2861    i.nrfx_uarte_tx     nrfx_uarte.o
    0x0002c434   0x0002c434   0x00000020   Code   RO         2863    i.nrfx_uarte_tx_in_progress  nrfx_uarte.o
    0x0002c454   0x0002c454   0x00000078   Code   RO           22    i.on_adv_evt        main.o
    0x0002c4cc   0x0002c4cc   0x00000014   Code   RO         3994    i.on_compare1_evt   app_timer2.o
    0x0002c4e0   0x0002c4e0   0x00000020   Code   RO         3995    i.on_compare_evt    app_timer2.o
    0x0002c500   0x0002c500   0x0000002c   Code   RO           23    i.on_conn_params_evt  main.o
    0x0002c52c   0x0002c52c   0x00000030   Code   RO         1064    i.on_conn_params_update  ble_conn_params.o
    0x0002c55c   0x0002c55c   0x00000070   Code   RO         1065    i.on_connect        ble_conn_params.o
    0x0002c5cc   0x0002c5cc   0x000000d4   Code   RO         1776    i.on_connect        my_ble_uarts.o
    0x0002c6a0   0x0002c6a0   0x0000000e   Code   RO         1167    i.on_connected      ble_advertising.o
    0x0002c6ae   0x0002c6ae   0x00000002   PAD
    0x0002c6b0   0x0002c6b0   0x000000c4   Code   RO         1580    i.on_connected_evt  nrf_ble_gatt.o
    0x0002c774   0x0002c774   0x00000054   Code   RO         1581    i.on_data_length_update_evt  nrf_ble_gatt.o
    0x0002c7c8   0x0002c7c8   0x00000030   Code   RO         1582    i.on_data_length_update_request_evt  nrf_ble_gatt.o
    0x0002c7f8   0x0002c7f8   0x00000032   Code   RO         1066    i.on_disconnect     ble_conn_params.o
    0x0002c82a   0x0002c82a   0x00000032   Code   RO         1168    i.on_disconnected   ble_advertising.o
    0x0002c85c   0x0002c85c   0x00000014   Code   RO         1583    i.on_disconnected_evt  nrf_ble_gatt.o
    0x0002c870   0x0002c870   0x000000c8   Code   RO         1584    i.on_exchange_mtu_request_evt  nrf_ble_gatt.o
    0x0002c938   0x0002c938   0x00000064   Code   RO         1585    i.on_exchange_mtu_rsp_evt  nrf_ble_gatt.o
    0x0002c99c   0x0002c99c   0x000000a0   Code   RO         1777    i.on_hvx_tx_complete  my_ble_uarts.o
    0x0002ca3c   0x0002ca3c   0x0000001c   Code   RO         3996    i.on_overflow_evt   app_timer2.o
    0x0002ca58   0x0002ca58   0x0000006a   Code   RO         1696    i.on_rw_authorize_request  nrf_ble_qwr.o
    0x0002cac2   0x0002cac2   0x00000040   Code   RO         1169    i.on_terminated     ble_advertising.o
    0x0002cb02   0x0002cb02   0x00000002   Code   RO         1697    i.on_user_mem_release  nrf_ble_qwr.o
    0x0002cb04   0x0002cb04   0x00000020   Code   RO         1698    i.on_user_mem_request  nrf_ble_qwr.o
    0x0002cb24   0x0002cb24   0x00000058   Code   RO         1067    i.on_write          ble_conn_params.o
    0x0002cb7c   0x0002cb7c   0x000000f4   Code   RO         1778    i.on_write          my_ble_uarts.o
    0x0002cc70   0x0002cc70   0x00000016   Code   RO         1170    i.phy_is_valid      ble_advertising.o
    0x0002cc86   0x0002cc86   0x00000002   PAD
    0x0002cc88   0x0002cc88   0x00000014   Code   RO         2259    i.pin_configured_set  nrfx_gpiote.o
    0x0002cc9c   0x0002cc9c   0x0000001c   Code   RO         2260    i.pin_in_use_by_gpiote  nrfx_gpiote.o
    0x0002ccb8   0x0002ccb8   0x00000018   Code   RO         2261    i.pin_in_use_by_port  nrfx_gpiote.o
    0x0002ccd0   0x0002ccd0   0x00000020   Code   RO         2262    i.pin_in_use_by_te  nrfx_gpiote.o
    0x0002ccf0   0x0002ccf0   0x0000000c   Code   RO         2263    i.pin_in_use_clear  nrfx_gpiote.o
    0x0002ccfc   0x0002ccfc   0x00000048   Code   RO         5541    i.postfix_process   nrf_log_str_formatter.o
    0x0002cd44   0x0002cd44   0x0000001c   Code   RO           24    i.power_management_init  main.o
    0x0002cd60   0x0002cd60   0x000000a4   Code   RO         5542    i.prefix_process    nrf_log_str_formatter.o
    0x0002ce04   0x0002ce04   0x00000018   Code   RO         2538    i.prs_box_get       nrfx_prs.o
    0x0002ce1c   0x0002ce1c   0x00000010   Code   RO         6099    i.ram_end_address_get  nrf_sdh_ble.o
    0x0002ce2c   0x0002ce2c   0x00000028   Code   RO         1329    i.record_activate   ble_conn_state.o
    0x0002ce54   0x0002ce54   0x00000020   Code   RO         1330    i.record_invalidate  ble_conn_state.o
    0x0002ce74   0x0002ce74   0x00000048   Code   RO         1331    i.record_purge_disconnected  ble_conn_state.o
    0x0002cebc   0x0002cebc   0x00000014   Code   RO         1332    i.record_set_disconnected  ble_conn_state.o
    0x0002ced0   0x0002ced0   0x0000003e   Code   RO         3997    i.rtc_irq           app_timer2.o
    0x0002cf0e   0x0002cf0e   0x00000002   PAD
    0x0002cf10   0x0002cf10   0x0000007c   Code   RO         3998    i.rtc_schedule      app_timer2.o
    0x0002cf8c   0x0002cf8c   0x000000a4   Code   RO         3999    i.rtc_update        app_timer2.o
    0x0002d030   0x0002d030   0x00000098   Code   RO         5980    i.sd_nvic_EnableIRQ  nrf_sdh.o
    0x0002d0c8   0x0002d0c8   0x00000068   Code   RO         3713    i.sd_nvic_critical_region_enter  app_util_platform.o
    0x0002d130   0x0002d130   0x00000068   Code   RO         1844    i.sd_state_evt_handler  nrf_drv_clock.o
    0x0002d198   0x0002d198   0x0000003c   Code   RO         5981    i.sdh_request_observer_notify  nrf_sdh.o
    0x0002d1d4   0x0002d1d4   0x00000034   Code   RO         5982    i.sdh_state_observer_notify  nrf_sdh.o
    0x0002d208   0x0002d208   0x00000018   Code   RO         1068    i.send_error_evt    ble_conn_params.o
    0x0002d220   0x0002d220   0x00000024   Code   RO         1069    i.send_update_request  ble_conn_params.o
    0x0002d244   0x0002d244   0x00000084   Code   RO         5197    i.serial_tx         nrf_log_backend_rtt.o
    0x0002d2c8   0x0002d2c8   0x00000096   Code   RO          944    i.service_data_encode  ble_advdata.o
    0x0002d35e   0x0002d35e   0x00000002   PAD
    0x0002d360   0x0002d360   0x0000005c   Code   RO           25    i.services_init     main.o
    0x0002d3bc   0x0002d3bc   0x00000030   Code   RO         1171    i.set_adv_mode_directed  ble_advertising.o
    0x0002d3ec   0x0002d3ec   0x00000024   Code   RO         1172    i.set_adv_mode_directed_high_duty  ble_advertising.o
    0x0002d410   0x0002d410   0x0000005c   Code   RO         1173    i.set_adv_mode_fast  ble_advertising.o
    0x0002d46c   0x0002d46c   0x0000005c   Code   RO         1174    i.set_adv_mode_slow  ble_advertising.o
    0x0002d4c8   0x0002d4c8   0x000000be   Code   RO         1506    i.set_security_req  ble_srv_common.o
    0x0002d586   0x0002d586   0x00000002   PAD
    0x0002d588   0x0002d588   0x0000001c   Code   RO         1845    i.soc_evt_handler   nrf_drv_clock.o
    0x0002d5a4   0x0002d5a4   0x0000001e   Code   RO         5984    i.softdevices_evt_irq_enable  nrf_sdh.o
    0x0002d5c2   0x0002d5c2   0x00000014   Code   RO         4000    i.sorted_list_stop_all  app_timer2.o
    0x0002d5d6   0x0002d5d6   0x00000002   PAD
    0x0002d5d8   0x0002d5d8   0x00000018   Code   RO         4001    i.sortlist_pop      app_timer2.o
    0x0002d5f0   0x0002d5f0   0x00000020   Code   RO         3502    i.state_get         app_button.o
    0x0002d610   0x0002d610   0x00000048   Code   RO         3503    i.state_set         app_button.o
    0x0002d658   0x0002d658   0x00000064   Code   RO         5362    i.std_header_set    nrf_log_frontend.o
    0x0002d6bc   0x0002d6bc   0x00000070   Code   RO         5363    i.std_n             nrf_log_frontend.o
    0x0002d72c   0x0002d72c   0x00000074   Code   RO         4839    i.string_print      nrf_fprintf_format.o
    0x0002d7a0   0x0002d7a0   0x0000000a   Code   RO         4276    i.ticks_sub         drv_rtc.o
    0x0002d7aa   0x0002d7aa   0x00000002   PAD
    0x0002d7ac   0x0002d7ac   0x0000006c   Code   RO         4002    i.timer_expire      app_timer2.o
    0x0002d818   0x0002d818   0x00000094   Code   RO         4003    i.timer_req_process  app_timer2.o
    0x0002d8ac   0x0002d8ac   0x00000040   Code   RO         4004    i.timer_req_schedule  app_timer2.o
    0x0002d8ec   0x0002d8ec   0x00000020   Code   RO         3504    i.timer_start       app_button.o
    0x0002d90c   0x0002d90c   0x00000044   Code   RO           26    i.timers_init       main.o
    0x0002d950   0x0002d950   0x00000002   Code   RO         5543    i.timestamp_print   nrf_log_str_formatter.o
    0x0002d952   0x0002d952   0x00000002   PAD
    0x0002d954   0x0002d954   0x00000098   Code   RO         3202    i.twi_clear_bus     nrf_drv_twi.o
    0x0002d9ec   0x0002d9ec   0x00000018   Code   RO          486    i.twi_handler       mpu9250.o
    0x0002da04   0x0002da04   0x00000044   Code   RO          487    i.twi_master_init   mpu9250.o
    0x0002da48   0x0002da48   0x00000024   Code   RO         3318    i.twi_process_error  nrfx_twim.o
    0x0002da6c   0x0002da6c   0x00000048   Code   RO         3204    i.twim_evt_handler  nrf_drv_twi.o
    0x0002dab4   0x0002dab4   0x00000194   Code   RO         3319    i.twim_irq_handler  nrfx_twim.o
    0x0002dc48   0x0002dc48   0x000002c8   Code   RO         3320    i.twim_xfer         nrfx_twim.o
    0x0002df10   0x0002df10   0x00000036   Code   RO         2623    i.tx_blocking       nrfx_uart.o
    0x0002df46   0x0002df46   0x00000026   Code   RO         2624    i.tx_byte           nrfx_uart.o
    0x0002df6c   0x0002df6c   0x00000036   Code   RO          945    i.tx_power_level_encode  ble_advdata.o
    0x0002dfa2   0x0002dfa2   0x00000002   PAD
    0x0002dfa4   0x0002dfa4   0x000000b4   Code   RO           29    i.uarts_data_handler  main.o
    0x0002e058   0x0002e058   0x0000000c   Code   RO         1507    i.uint16_decode     ble_srv_common.o
    0x0002e064   0x0002e064   0x0000000c   Code   RO          946    i.uint16_encode     ble_advdata.o
    0x0002e070   0x0002e070   0x000000b8   Code   RO         4840    i.unsigned_print    nrf_fprintf_format.o
    0x0002e128   0x0002e128   0x00000074   Code   RO         1070    i.update_timeout_handler  ble_conn_params.o
    0x0002e19c   0x0002e19c   0x0000001e   Code   RO         1175    i.use_whitelist     ble_advertising.o
    0x0002e1ba   0x0002e1ba   0x0000002c   Code   RO         1699    i.user_mem_reply    nrf_ble_qwr.o
    0x0002e1e6   0x0002e1e6   0x0000001e   Code   RO         3505    i.usr_event         app_button.o
    0x0002e204   0x0002e204   0x0000004e   Code   RO          947    i.uuid_list_encode  ble_advdata.o
    0x0002e252   0x0002e252   0x000000d6   Code   RO          948    i.uuid_list_sized_encode  ble_advdata.o
    0x0002e328   0x0002e328   0x00000008   Code   RO         1176    i.whitelist_has_entries  ble_advertising.o
    0x0002e330   0x0002e330   0x000000a8   Code   RO         3321    i.xfer_completeness_check  nrfx_twim.o
    0x0002e3d8   0x0002e3d8   0x00000008   PAD
    0x0002e3e0   0x0002e3e0   0x00000030   Data   RO           31    .constdata          main.o
    0x0002e410   0x0002e410   0x00000020   Data   RO          488    .constdata          mpu9250.o
    0x0002e430   0x0002e430   0x00000008   Data   RO          653    .constdata          boards.o
    0x0002e438   0x0002e438   0x0000002c   Data   RO          775    .constdata          bsp.o
    0x0002e464   0x0002e464   0x00000016   Data   RO         1586    .constdata          nrf_ble_gatt.o
    0x0002e47a   0x0002e47a   0x00000002   PAD
    0x0002e47c   0x0002e47c   0x00000010   Data   RO         1779    .constdata          my_ble_uarts.o
    0x0002e48c   0x0002e48c   0x0000003e   Data   RO         2265    .constdata          nrfx_gpiote.o
    0x0002e4ca   0x0002e4ca   0x00000006   PAD
    0x0002e4d0   0x0002e4d0   0x00000006   Data   RO         3205    .constdata          nrf_drv_twi.o
    0x0002e4d6   0x0002e4d6   0x00000002   PAD
    0x0002e4d8   0x0002e4d8   0x00000044   Data   RO         3323    .constdata          nrfx_twim.o
    0x0002e51c   0x0002e51c   0x00000007   Data   RO         3507    .constdata          app_button.o
    0x0002e523   0x0002e523   0x00000001   PAD
    0x0002e524   0x0002e524   0x0000013c   Data   RO         3813    .constdata          nrf_strerror.o
    0x0002e660   0x0002e660   0x00000014   Data   RO         4006    .constdata          app_timer2.o
    0x0002e674   0x0002e674   0x0000000c   PAD
    0x0002e680   0x0002e680   0x00000006   Data   RO         4277    .constdata          drv_rtc.o
    0x0002e686   0x0002e686   0x00000010   Data   RO         4841    .constdata          nrf_fprintf_format.o
    0x0002e696   0x0002e696   0x00000002   PAD
    0x0002e698   0x0002e698   0x00000024   Data   RO         4966    .constdata          nrf_pwr_mgmt.o
    0x0002e6bc   0x0002e6bc   0x00000004   PAD
    0x0002e6c0   0x0002e6c0   0x00000016   Data   RO         5199    .constdata          nrf_log_backend_rtt.o
    0x0002e6d6   0x0002e6d6   0x00000002   PAD
    0x0002e6d8   0x0002e6d8   0x0000000c   Data   RO         5365    .constdata          nrf_log_frontend.o
    0x0002e6e4   0x0002e6e4   0x00000058   Data   RO         5985    .constdata          nrf_sdh.o
    0x0002e73c   0x0002e73c   0x00000030   Data   RO         6100    .constdata          nrf_sdh_ble.o
    0x0002e76c   0x0002e76c   0x0000001c   Data   RO         6155    .constdata          nrf_sdh_soc.o
    0x0002e788   0x0002e788   0x00000081   Data   RO         6305    .constdata          mc_w.l(ctype_o.o)
    0x0002e809   0x0002e809   0x00000003   PAD
    0x0002e80c   0x0002e80c   0x00000004   Data   RO         6306    .constdata          mc_w.l(ctype_o.o)
    0x0002e810   0x0002e810   0x000000a2   Data   RO         1587    .conststring        nrf_ble_gatt.o
    0x0002e8b2   0x0002e8b2   0x00000002   PAD
    0x0002e8b4   0x0002e8b4   0x000003eb   Data   RO         3814    .conststring        nrf_strerror.o
    0x0002ec9f   0x0002ec9f   0x00000001   PAD
    0x0002eca0   0x0002eca0   0x00000066   Data   RO         5544    .conststring        nrf_log_str_formatter.o
    0x0002ed06   0x0002ed06   0x00000002   PAD
    0x0002ed08   0x0002ed08   0x000001cf   Data   RO         6101    .conststring        nrf_sdh_ble.o
    0x0002eed7   0x0002eed7   0x00000001   PAD
    0x0002eed8   0x0002eed8   0x0000000d   Data   RO         1588    .conststrlit        nrf_ble_gatt.o
    0x0002eee5   0x0002eee5   0x00000003   PAD
    0x0002eee8   0x0002eee8   0x00000006   Data   RO         1848    .conststrlit        nrf_drv_clock.o
    0x0002eeee   0x0002eeee   0x00000002   PAD
    0x0002eef0   0x0002eef0   0x00000006   Data   RO         2068    .conststrlit        nrfx_clock.o
    0x0002eef6   0x0002eef6   0x00000002   PAD
    0x0002eef8   0x0002eef8   0x00000007   Data   RO         2266    .conststrlit        nrfx_gpiote.o
    0x0002eeff   0x0002eeff   0x00000001   PAD
    0x0002ef00   0x0002ef00   0x00000004   Data   RO         2540    .conststrlit        nrfx_prs.o
    0x0002ef04   0x0002ef04   0x00000005   Data   RO         2629    .conststrlit        nrfx_uart.o
    0x0002ef09   0x0002ef09   0x00000003   PAD
    0x0002ef0c   0x0002ef0c   0x00000006   Data   RO         2871    .conststrlit        nrfx_uarte.o
    0x0002ef12   0x0002ef12   0x00000002   PAD
    0x0002ef14   0x0002ef14   0x00000005   Data   RO         3324    .conststrlit        nrfx_twim.o
    0x0002ef19   0x0002ef19   0x00000003   PAD
    0x0002ef1c   0x0002ef1c   0x0000000b   Data   RO         3508    .conststrlit        app_button.o
    0x0002ef27   0x0002ef27   0x00000001   PAD
    0x0002ef28   0x0002ef28   0x0000000a   Data   RO         4007    .conststrlit        app_timer2.o
    0x0002ef32   0x0002ef32   0x00000002   PAD
    0x0002ef34   0x0002ef34   0x00000009   Data   RO         4967    .conststrlit        nrf_pwr_mgmt.o
    0x0002ef3d   0x0002ef3d   0x00000003   PAD
    0x0002ef40   0x0002ef40   0x00000009   Data   RO         5142    .conststrlit        nrf_sortlist.o
    0x0002ef49   0x0002ef49   0x00000003   PAD
    0x0002ef4c   0x0002ef4c   0x00000010   Data   RO         5299    .conststrlit        nrf_log_default_backends.o
    0x0002ef5c   0x0002ef5c   0x00000004   Data   RO         5366    .conststrlit        nrf_log_frontend.o
    0x0002ef60   0x0002ef60   0x00000008   Data   RO         5986    .conststrlit        nrf_sdh.o
    0x0002ef68   0x0002ef68   0x0000000c   Data   RO         6102    .conststrlit        nrf_sdh_ble.o
    0x0002ef74   0x0002ef74   0x0000000c   Data   RO         6156    .conststrlit        nrf_sdh_soc.o
    0x0002ef80   0x0002ef80   0x00000020   Data   RO         6366    Region$$Table       anon$$obj.o
    0x0002efa0   0x0002efa0   0x00000010   Data   RO         5301    log_backends        nrf_log_default_backends.o
    0x0002efb0   0x0002efb0   0x00000008   Data   RO         1589    log_const_data      nrf_ble_gatt.o
    0x0002efb8   0x0002efb8   0x00000008   Data   RO         1849    log_const_data      nrf_drv_clock.o
    0x0002efc0   0x0002efc0   0x00000008   Data   RO         2070    log_const_data      nrfx_clock.o
    0x0002efc8   0x0002efc8   0x00000008   Data   RO         2267    log_const_data      nrfx_gpiote.o
    0x0002efd0   0x0002efd0   0x00000008   Data   RO         2542    log_const_data      nrfx_prs.o
    0x0002efd8   0x0002efd8   0x00000008   Data   RO         2630    log_const_data      nrfx_uart.o
    0x0002efe0   0x0002efe0   0x00000008   Data   RO         2872    log_const_data      nrfx_uarte.o
    0x0002efe8   0x0002efe8   0x00000008   Data   RO         3325    log_const_data      nrfx_twim.o
    0x0002eff0   0x0002eff0   0x00000008   Data   RO         3510    log_const_data      app_button.o
    0x0002eff8   0x0002eff8   0x00000008   Data   RO         4009    log_const_data      app_timer2.o
    0x0002f000   0x0002f000   0x00000008   Data   RO         4969    log_const_data      nrf_pwr_mgmt.o
    0x0002f008   0x0002f008   0x00000008   Data   RO         5143    log_const_data      nrf_sortlist.o
    0x0002f010   0x0002f010   0x00000008   Data   RO         5368    log_const_data      nrf_log_frontend.o
    0x0002f018   0x0002f018   0x00000008   Data   RO         5988    log_const_data      nrf_sdh.o
    0x0002f020   0x0002f020   0x00000008   Data   RO         6104    log_const_data      nrf_sdh_ble.o
    0x0002f028   0x0002f028   0x00000008   Data   RO         6157    log_const_data      nrf_sdh_soc.o
    0x0002f030   0x0002f030   0x00000014   Data   RO         5369    nrf_balloc          nrf_log_frontend.o
    0x0002f044   0x0002f044   0x00000008   Data   RO         1335    sdh_ble_observers0  ble_conn_state.o
    0x0002f04c   0x0002f04c   0x00000010   Data   RO           33    sdh_ble_observers1  main.o
    0x0002f05c   0x0002f05c   0x00000008   Data   RO         1073    sdh_ble_observers1  ble_conn_params.o
    0x0002f064   0x0002f064   0x00000010   Data   RO           34    sdh_ble_observers2  main.o
    0x0002f074   0x0002f074   0x00000008   Data   RO           35    sdh_ble_observers3  main.o
    0x0002f07c   0x0002f07c   0x00000008   Data   RO         1850    sdh_soc_observers0  nrf_drv_clock.o
    0x0002f084   0x0002f084   0x00000008   Data   RO         6105    sdh_stack_observers0  nrf_sdh_ble.o
    0x0002f08c   0x0002f08c   0x00000008   Data   RO         6158    sdh_stack_observers0  nrf_sdh_soc.o
    0x0002f094   0x0002f094   0x00000008   Data   RO         1851    sdh_state_observers0  nrf_drv_clock.o


    Execution Region RW_IRAM1 (Exec base: 0x20002ad8, Load base: 0x0002f09c, Size: 0x00003508, Max: 0x0000d528, ABSOLUTE, COMPRESSED[0x0000005c])

    Exec Addr    Load Addr    Size         Type   Attr      Idx    E Section Name        Object

    0x20002ad8   COMPRESSED   0x00000039   Data   RW           32    .data               main.o
    0x20002b11   COMPRESSED   0x00000001   Data   RW          489    .data               mpu9250.o
    0x20002b12   COMPRESSED   0x00000002   PAD
    0x20002b14   COMPRESSED   0x00000015   Data   RW          776    .data               bsp.o
    0x20002b29   COMPRESSED   0x00000001   PAD
    0x20002b2a   COMPRESSED   0x00000008   Data   RW         1072    .data               ble_conn_params.o
    0x20002b32   COMPRESSED   0x00000002   PAD
    0x20002b34   COMPRESSED   0x00000009   Data   RW         1997    .data               nrf_drv_uart.o
    0x20002b3d   COMPRESSED   0x00000003   PAD
    0x20002b40   COMPRESSED   0x00000008   Data   RW         2069    .data               nrfx_clock.o
    0x20002b48   COMPRESSED   0x00000008   Data   RW         2541    .data               nrfx_prs.o
    0x20002b50   COMPRESSED   0x00000010   Data   RW         3206    .data               nrf_drv_twi.o
    0x20002b60   COMPRESSED   0x00000018   Data   RW         3509    .data               app_button.o
    0x20002b78   COMPRESSED   0x00000024   Data   RW         4008    .data               app_timer2.o
    0x20002b9c   COMPRESSED   0x0000001b   Data   RW         4151    .data               app_uart_fifo.o
    0x20002bb7   COMPRESSED   0x00000001   PAD
    0x20002bb8   COMPRESSED   0x0000000c   Data   RW         4278    .data               drv_rtc.o
    0x20002bc4   COMPRESSED   0x00000009   Data   RW         4968    .data               nrf_pwr_mgmt.o
    0x20002bcd   COMPRESSED   0x00000001   Data   RW         5200    .data               nrf_log_backend_rtt.o
    0x20002bce   COMPRESSED   0x00000002   PAD
    0x20002bd0   COMPRESSED   0x00000008   Data   RW         5300    .data               nrf_log_default_backends.o
    0x20002bd8   COMPRESSED   0x00000010   Data   RW         5367    .data               nrf_log_frontend.o
    0x20002be8   COMPRESSED   0x00000040   Data   RW         5545    .data               nrf_log_str_formatter.o
    0x20002c28   COMPRESSED   0x00000003   Data   RW         5987    .data               nrf_sdh.o
    0x20002c2b   COMPRESSED   0x00000001   Data   RW         6103    .data               nrf_sdh_ble.o
    0x20002c2c   COMPRESSED   0x00000004   Data   RW         6209    .data               system_nrf52.o
    0x20002c30        -       0x00000864   Zero   RW           30    .bss                main.o
    0x20003494   COMPRESSED   0x00000004   PAD
    0x20003498        -       0x00000070   Zero   RW          774    .bss                bsp.o
    0x20003508        -       0x00000050   Zero   RW         1071    .bss                ble_conn_params.o
    0x20003558        -       0x0000007c   Zero   RW         1334    .bss                ble_conn_state.o
    0x200035d4        -       0x00000014   Zero   RW         1846    .bss                nrf_drv_clock.o
    0x200035e8        -       0x0000005c   Zero   RW         2264    .bss                nrfx_gpiote.o
    0x20003644        -       0x0000002c   Zero   RW         2627    .bss                nrfx_uart.o
    0x20003670        -       0x00000024   Zero   RW         2869    .bss                nrfx_uarte.o
    0x20003694        -       0x00000034   Zero   RW         3322    .bss                nrfx_twim.o
    0x200036c8        -       0x00000030   Zero   RW         3506    .bss                app_button.o
    0x200036f8        -       0x0000000c   Zero   RW         3714    .bss                app_util_platform.o
    0x20003704        -       0x00000068   Zero   RW         4005    .bss                app_timer2.o
    0x2000376c        -       0x00000020   Zero   RW         4149    .bss                app_uart_fifo.o
    0x2000378c        -       0x0000000c   Zero   RW         4965    .bss                nrf_pwr_mgmt.o
    0x20003798        -       0x00000040   Zero   RW         5198    .bss                nrf_log_backend_rtt.o
    0x200037d8        -       0x0000057c   Zero   RW         5364    .bss                nrf_log_frontend.o
    0x20003d54        -       0x00000288   Zero   RW         5643    .bss                segger_rtt.o
    0x20003fdc   COMPRESSED   0x00000004   PAD
    0x20003fe0        -       0x00002000   Zero   RW         6185    STACK               arm_startup_nrf52.o


==============================================================================

Image component sizes


      Code (inc. data)   RO Data    RW Data    ZI Data      Debug   Object Name

       838        102         26         24         48      21178   app_button.o
        28          0          0          0          0       2309   app_error.o
       188         44          0          0          0      30497   app_error_weak.o
       134          0          0          0          0       4746   app_fifo.o
      1122        124         38         36        104      17237   app_timer2.o
       176         24          0         27         32      16507   app_uart_fifo.o
       200         24          0          0         12       9962   app_util_platform.o
        36          8        512          0       8192        876   arm_startup_nrf52.o
      1756          0          0          0          0      54460   ble_advdata.o
      1390          6          0          0          0      15307   ble_advertising.o
       936         56          8          8         80      10915   ble_conn_params.o
       486         32          8          0        124       8456   ble_conn_state.o
       108          0          0          0          0       1432   ble_link_ctx_manager.o
       676          6          0          0          0      40717   ble_srv_common.o
       428         30          8          0          0      12744   boards.o
      1494        124         44         21        112      12164   bsp.o
       990         98          6         12          0      48601   drv_rtc.o
      2694        474         88         57       2148     184947   main.o
       966         56         32          1          0      60426   mpu9250.o
      1074        224         16          0          0       6038   my_ble_uarts.o
       352          0          0          0          0       5457   nrf_atfifo.o
        90          0          0          0          0       2784   nrf_atflags.o
       386          0          0          0          0       7327   nrf_atomic.o
       218          0          0          0          0       3487   nrf_balloc.o
      1250        280        205          0          0      38813   nrf_ble_gatt.o
       390          0          0          0          0       5633   nrf_ble_qwr.o
       364         48         30          0         20      37720   nrf_drv_clock.o
       372         30          6         16          0      22547   nrf_drv_twi.o
         0          0          0          9          0      14788   nrf_drv_uart.o
        70          0          0          0          0       3269   nrf_fprintf.o
      1030          6         16          0          0       6750   nrf_fprintf_format.o
       176         16         22          1         64       6265   nrf_log_backend_rtt.o
       242          0          0          0          0      10585   nrf_log_backend_serial.o
        40          6         32          8          0       3089   nrf_log_default_backends.o
      2082        134         44         16       1404      29454   nrf_log_frontend.o
       626        112        102         64          0       5504   nrf_log_str_formatter.o
       514          0          0          0          0       9051   nrf_memobj.o
       168         22         53          9         12      37470   nrf_pwr_mgmt.o
        28          0          0          0          0       2099   nrf_ringbuf.o
       556         56        104          3          0      37781   nrf_sdh.o
       904        240        539          1          0       6019   nrf_sdh_ble.o
        84          4         56          0          0       2448   nrf_sdh_soc.o
       112          0          0          0          0       2524   nrf_section_iter.o
       110          0         17          0          0       3605   nrf_sortlist.o
        92         10       1319          0          0       2463   nrf_strerror.o
       400         34         14          8          0      44272   nrfx_clock.o
      1744        112         77          0         92      62306   nrfx_gpiote.o
       118         14         12          8          0       3461   nrfx_prs.o
      2010         58         81          0         52      30215   nrfx_twim.o
       302         12         13          0         44      14447   nrfx_uart.o
       278         10         14          0         36      13822   nrfx_uarte.o
       470         44          0          0        648       7869   segger_rtt.o
      1444        146          0          4          0       8339   system_nrf52.o

    ----------------------------------------------------------------------
     32802       2834       3636        344      13232    1051182   Object Totals
         0          0         32          0          0          0   (incl. Generated)
        60          8         62         11          8          0   (incl. Padding)

    ----------------------------------------------------------------------

      Code (inc. data)   RO Data    RW Data    ZI Data      Debug   Library Member Name

        86          0          0          0          0          0   __dczerorl2.o
         8          4        133          0          0         68   ctype_o.o
         0          0          0          0          0          0   entry.o
         0          0          0          0          0          0   entry10a.o
         0          0          0          0          0          0   entry11a.o
         8          4          0          0          0          0   entry2.o
         4          0          0          0          0          0   entry5.o
         0          0          0          0          0          0   entry7b.o
         0          0          0          0          0          0   entry8b.o
         8          4          0          0          0          0   entry9a.o
        30          0          0          0          0          0   handlers.o
        36          8          0          0          0         68   init.o
        30          0          0          0          0         68   llshl.o
        32          0          0          0          0         68   llushr.o
        36          0          0          0          0         68   memcpya.o
        36          0          0          0          0        108   memseta.o
        18          0          0          0          0         68   strcpy.o
        14          0          0          0          0         68   strlen.o
        98          0          0          0          0         92   uldiv.o

    ----------------------------------------------------------------------
       446         20        136          0          0        676   Library Totals
         2          0          3          0          0          0   (incl. Padding)

    ----------------------------------------------------------------------

      Code (inc. data)   RO Data    RW Data    ZI Data      Debug   Library Name

       444         20        133          0          0        676   mc_w.l

    ----------------------------------------------------------------------
       446         20        136          0          0        676   Library Totals

    ----------------------------------------------------------------------

==============================================================================


      Code (inc. data)   RO Data    RW Data    ZI Data      Debug   

     33248       2854       3772        344      13232    1010734   Grand Totals
     33248       2854       3772         92      13232    1010734   ELF Image Totals (compressed)
     33248       2854       3772         92          0          0   ROM Totals

==============================================================================

    Total RO  Size (Code + RO Data)                37020 (  36.15kB)
    Total RW  Size (RW Data + ZI Data)             13576 (  13.26kB)
    Total ROM Size (Code + RO Data + RW Data)      37112 (  36.24kB)

==============================================================================

